Archive member included to satisfy reference by file (symbol)

c:/program files (x86)/atollic/truestudio for stm32 9.3.0/armtools/bin/../lib/gcc/arm-atollic-eabi/6.3.1/../../../../arm-atollic-eabi/lib/armv7e-m/fpu\libc_nano.a(lib_a-init.o)
                              src\startup_stm32f429x.o (__libc_init_array)
c:/program files (x86)/atollic/truestudio for stm32 9.3.0/armtools/bin/../lib/gcc/arm-atollic-eabi/6.3.1/../../../../arm-atollic-eabi/lib/armv7e-m/fpu\libc_nano.a(lib_a-reent.o)
                              src\syscalls.o (errno)
c:/program files (x86)/atollic/truestudio for stm32 9.3.0/armtools/bin/../lib/gcc/arm-atollic-eabi/6.3.1/../../../../arm-atollic-eabi/lib/armv7e-m/fpu\libc_nano.a(lib_a-impure.o)
                              c:/program files (x86)/atollic/truestudio for stm32 9.3.0/armtools/bin/../lib/gcc/arm-atollic-eabi/6.3.1/../../../../arm-atollic-eabi/lib/armv7e-m/fpu\libc_nano.a(lib_a-reent.o) (_impure_ptr)
c:/program files (x86)/atollic/truestudio for stm32 9.3.0/armtools/bin/../lib/gcc/arm-atollic-eabi/6.3.1/../../../../arm-atollic-eabi/lib/armv7e-m/fpu\libc_nano.a(lib_a-nano-freer.o)
                              c:/program files (x86)/atollic/truestudio for stm32 9.3.0/armtools/bin/../lib/gcc/arm-atollic-eabi/6.3.1/../../../../arm-atollic-eabi/lib/armv7e-m/fpu\libc_nano.a(lib_a-reent.o) (_free_r)
c:/program files (x86)/atollic/truestudio for stm32 9.3.0/armtools/bin/../lib/gcc/arm-atollic-eabi/6.3.1/../../../../arm-atollic-eabi/lib/armv7e-m/fpu\libc_nano.a(lib_a-nano-mallocr.o)
                              c:/program files (x86)/atollic/truestudio for stm32 9.3.0/armtools/bin/../lib/gcc/arm-atollic-eabi/6.3.1/../../../../arm-atollic-eabi/lib/armv7e-m/fpu\libc_nano.a(lib_a-nano-freer.o) (__malloc_free_list)
c:/program files (x86)/atollic/truestudio for stm32 9.3.0/armtools/bin/../lib/gcc/arm-atollic-eabi/6.3.1/../../../../arm-atollic-eabi/lib/armv7e-m/fpu\libc_nano.a(lib_a-sbrkr.o)
                              c:/program files (x86)/atollic/truestudio for stm32 9.3.0/armtools/bin/../lib/gcc/arm-atollic-eabi/6.3.1/../../../../arm-atollic-eabi/lib/armv7e-m/fpu\libc_nano.a(lib_a-nano-mallocr.o) (_sbrk_r)
c:/program files (x86)/atollic/truestudio for stm32 9.3.0/armtools/bin/../lib/gcc/arm-atollic-eabi/6.3.1/../../../../arm-atollic-eabi/lib/armv7e-m/fpu\libc_nano.a(lib_a-mlock.o)
                              c:/program files (x86)/atollic/truestudio for stm32 9.3.0/armtools/bin/../lib/gcc/arm-atollic-eabi/6.3.1/../../../../arm-atollic-eabi/lib/armv7e-m/fpu\libc_nano.a(lib_a-nano-freer.o) (__malloc_lock)

Allocating common symbols
Common symbol       size              file

LCD_CacheBuffer_yptr_bottom_bak
                    0x2               Utilities\Common\lcd_log.o
LCD_CacheBuffer_yptr_top_bak
                    0x2               Utilities\Common\lcd_log.o
sEEDMA_InitStructure
                    0x3c              Utilities\STM32F429I-Discovery\stm32f429i_discovery.o
errno               0x4               c:/program files (x86)/atollic/truestudio for stm32 9.3.0/armtools/bin/../lib/gcc/arm-atollic-eabi/6.3.1/../../../../arm-atollic-eabi/lib/armv7e-m/fpu\libc_nano.a(lib_a-reent.o)
sEEDataWritePointer
                    0x4               Utilities\STM32F429I-Discovery\stm32f429i_discovery_i2c_ee.o
LCD_CacheBuffer_yptr_bottom
                    0x2               Utilities\Common\lcd_log.o
sEEDataNum          0x1               Utilities\STM32F429I-Discovery\stm32f429i_discovery_i2c_ee.o
LCD_CacheBuffer_xptr
                    0x2               Utilities\Common\lcd_log.o
LCD_CacheBuffer_yptr_invert
                    0x1               Utilities\Common\lcd_log.o
LCD_Lock            0x1               Utilities\Common\lcd_log.o
LCD_Scrolled        0x1               Utilities\Common\lcd_log.o
LCD_CacheBuffer_yptr_top
                    0x2               Utilities\Common\lcd_log.o
LCD_ScrollActive    0x1               Utilities\Common\lcd_log.o
LCD_CacheBuffer     0xc98             Utilities\Common\lcd_log.o
sEEDataReadPointer  0x4               Utilities\STM32F429I-Discovery\stm32f429i_discovery_i2c_ee.o
TP_State            0x8               Utilities\STM32F429I-Discovery\stm32f429i_discovery_ioe.o
LCD_LineColor       0x2               Utilities\Common\lcd_log.o
NVIC_InitStructure  0x4               Utilities\STM32F429I-Discovery\stm32f429i_discovery.o
LCD_ScrollBackStep  0x2               Utilities\Common\lcd_log.o

Discarded input sections

 .text          0x00000000        0x0 c:/program files (x86)/atollic/truestudio for stm32 9.3.0/armtools/bin/../lib/gcc/arm-atollic-eabi/6.3.1/armv7e-m/fpu/crti.o
 .data          0x00000000        0x0 c:/program files (x86)/atollic/truestudio for stm32 9.3.0/armtools/bin/../lib/gcc/arm-atollic-eabi/6.3.1/armv7e-m/fpu/crti.o
 .bss           0x00000000        0x0 c:/program files (x86)/atollic/truestudio for stm32 9.3.0/armtools/bin/../lib/gcc/arm-atollic-eabi/6.3.1/armv7e-m/fpu/crti.o
[...]
Memory Configuration

Name             Origin             Length             Attributes
FLASH            0x08000000         0x00200000         xr
RAM              0x20000000         0x00030000         xrw
MEMORY_B1        0x60000000         0x00000000         xr
CCMRAM           0x10000000         0x00010000         rw
*default*        0x00000000         0xffffffff

Linker script and memory map

LOAD c:/program files (x86)/atollic/truestudio for stm32 9.3.0/armtools/bin/../lib/gcc/arm-atollic-eabi/6.3.1/armv7e-m/fpu/crti.o
LOAD c:/program files (x86)/atollic/truestudio for stm32 9.3.0/armtools/bin/../lib/gcc/arm-atollic-eabi/6.3.1/armv7e-m/fpu/crtbegin.o
LOAD Libraries\STM32F4xx_StdPeriph_Driver\src\misc.o
LOAD Libraries\STM32F4xx_StdPeriph_Driver\src\stm32f4xx_adc.o
LOAD Libraries\STM32F4xx_StdPeriph_Driver\src\stm32f4xx_can.o
LOAD Libraries\STM32F4xx_StdPeriph_Driver\src\stm32f4xx_crc.o
LOAD Libraries\STM32F4xx_StdPeriph_Driver\src\stm32f4xx_cryp.o
LOAD Libraries\STM32F4xx_StdPeriph_Driver\src\stm32f4xx_cryp_aes.o
LOAD Libraries\STM32F4xx_StdPeriph_Driver\src\stm32f4xx_cryp_des.o
LOAD Libraries\STM32F4xx_StdPeriph_Driver\src\stm32f4xx_cryp_tdes.o
LOAD Libraries\STM32F4xx_StdPeriph_Driver\src\stm32f4xx_dac.o
LOAD Libraries\STM32F4xx_StdPeriph_Driver\src\stm32f4xx_dbgmcu.o
LOAD Libraries\STM32F4xx_StdPeriph_Driver\src\stm32f4xx_dcmi.o
LOAD Libraries\STM32F4xx_StdPeriph_Driver\src\stm32f4xx_dma.o
LOAD Libraries\STM32F4xx_StdPeriph_Driver\src\stm32f4xx_dma2d.o
LOAD Libraries\STM32F4xx_StdPeriph_Driver\src\stm32f4xx_exti.o
LOAD Libraries\STM32F4xx_StdPeriph_Driver\src\stm32f4xx_flash.o
LOAD Libraries\STM32F4xx_StdPeriph_Driver\src\stm32f4xx_fmc.o
LOAD Libraries\STM32F4xx_StdPeriph_Driver\src\stm32f4xx_gpio.o
LOAD Libraries\STM32F4xx_StdPeriph_Driver\src\stm32f4xx_hash.o
LOAD Libraries\STM32F4xx_StdPeriph_Driver\src\stm32f4xx_hash_md5.o
LOAD Libraries\STM32F4xx_StdPeriph_Driver\src\stm32f4xx_hash_sha1.o
LOAD Libraries\STM32F4xx_StdPeriph_Driver\src\stm32f4xx_i2c.o
LOAD Libraries\STM32F4xx_StdPeriph_Driver\src\stm32f4xx_iwdg.o
LOAD Libraries\STM32F4xx_StdPeriph_Driver\src\stm32f4xx_ltdc.o
LOAD Libraries\STM32F4xx_StdPeriph_Driver\src\stm32f4xx_pwr.o
LOAD Libraries\STM32F4xx_StdPeriph_Driver\src\stm32f4xx_rcc.o
LOAD Libraries\STM32F4xx_StdPeriph_Driver\src\stm32f4xx_rng.o
LOAD Libraries\STM32F4xx_StdPeriph_Driver\src\stm32f4xx_rtc.o
LOAD Libraries\STM32F4xx_StdPeriph_Driver\src\stm32f4xx_sai.o
LOAD Libraries\STM32F4xx_StdPeriph_Driver\src\stm32f4xx_sdio.o
LOAD Libraries\STM32F4xx_StdPeriph_Driver\src\stm32f4xx_spi.o
LOAD Libraries\STM32F4xx_StdPeriph_Driver\src\stm32f4xx_syscfg.o
LOAD Libraries\STM32F4xx_StdPeriph_Driver\src\stm32f4xx_tim.o
LOAD Libraries\STM32F4xx_StdPeriph_Driver\src\stm32f4xx_usart.o
LOAD Libraries\STM32F4xx_StdPeriph_Driver\src\stm32f4xx_wwdg.o
LOAD Utilities\Common\fonts.o
LOAD Utilities\Common\lcd_log.o
LOAD Utilities\STM32F429I-Discovery\stm32f429i_discovery.o
LOAD Utilities\STM32F429I-Discovery\stm32f429i_discovery_i2c_ee.o
LOAD Utilities\STM32F429I-Discovery\stm32f429i_discovery_ioe.o
LOAD Utilities\STM32F429I-Discovery\stm32f429i_discovery_l3gd20.o
LOAD Utilities\STM32F429I-Discovery\stm32f429i_discovery_lcd.o
LOAD Utilities\STM32F429I-Discovery\stm32f429i_discovery_sdram.o
LOAD src\main.o
LOAD src\startup_stm32f429x.o
LOAD src\stm32f4xx_it.o
LOAD src\syscalls.o
LOAD src\system_stm32f4xx.o
                0x00000080                malloc_getpagesize_P = 0x80
START GROUP
LOAD c:/program files (x86)/atollic/truestudio for stm32 9.3.0/armtools/bin/../lib/gcc/arm-atollic-eabi/6.3.1/../../../../arm-atollic-eabi/lib/armv7e-m/fpu\libc_nano.a
LOAD c:/program files (x86)/atollic/truestudio for stm32 9.3.0/armtools/bin/../lib/gcc/arm-atollic-eabi/6.3.1/../../../../arm-atollic-eabi/lib/armv7e-m/fpu\libm.a
END GROUP
START GROUP
LOAD c:/program files (x86)/atollic/truestudio for stm32 9.3.0/armtools/bin/../lib/gcc/arm-atollic-eabi/6.3.1/armv7e-m/fpu\libgcc.a
LOAD c:/program files (x86)/atollic/truestudio for stm32 9.3.0/armtools/bin/../lib/gcc/arm-atollic-eabi/6.3.1/../../../../arm-atollic-eabi/lib/armv7e-m/fpu\libc_nano.a
END GROUP
START GROUP
LOAD c:/program files (x86)/atollic/truestudio for stm32 9.3.0/armtools/bin/../lib/gcc/arm-atollic-eabi/6.3.1/armv7e-m/fpu\libgcc.a
LOAD c:/program files (x86)/atollic/truestudio for stm32 9.3.0/armtools/bin/../lib/gcc/arm-atollic-eabi/6.3.1/../../../../arm-atollic-eabi/lib/armv7e-m/fpu\libc_nano.a
LOAD c:/program files (x86)/atollic/truestudio for stm32 9.3.0/armtools/bin/../lib/gcc/arm-atollic-eabi/6.3.1/../../../../arm-atollic-eabi/lib/armv7e-m/fpu\libnosys.a
END GROUP
START GROUP
LOAD c:/program files (x86)/atollic/truestudio for stm32 9.3.0/armtools/bin/../lib/gcc/arm-atollic-eabi/6.3.1/armv7e-m/fpu\libgcc.a
LOAD c:/program files (x86)/atollic/truestudio for stm32 9.3.0/armtools/bin/../lib/gcc/arm-atollic-eabi/6.3.1/../../../../arm-atollic-eabi/lib/armv7e-m/fpu\libc_nano.a
LOAD c:/program files (x86)/atollic/truestudio for stm32 9.3.0/armtools/bin/../lib/gcc/arm-atollic-eabi/6.3.1/../../../../arm-atollic-eabi/lib/armv7e-m/fpu\libnosys.a
END GROUP
LOAD c:/program files (x86)/atollic/truestudio for stm32 9.3.0/armtools/bin/../lib/gcc/arm-atollic-eabi/6.3.1/armv7e-m/fpu/crtend.o
LOAD c:/program files (x86)/atollic/truestudio for stm32 9.3.0/armtools/bin/../lib/gcc/arm-atollic-eabi/6.3.1/armv7e-m/fpu/crtn.o
                0x20030000                _estack = 0x20030000
                0x00000000                _Min_Heap_Size = 0x0
                0x00000400                _Min_Stack_Size = 0x400

.isr_vector     0x08000000      0x1ac
                0x08000000                . = ALIGN (0x4)
 *(.isr_vector)
 .isr_vector    0x08000000      0x1ac src\startup_stm32f429x.o
                0x08000000                g_pfnVectors
                0x080001ac                . = ALIGN (0x4)

.text           0x080001ac     0x21cc
                0x080001ac                . = ALIGN (0x4)
 *(.text)
 .text          0x080001ac       0x40 c:/program files (x86)/atollic/truestudio for stm32 9.3.0/armtools/bin/../lib/gcc/arm-atollic-eabi/6.3.1/armv7e-m/fpu/crtbegin.o
 *(.text*)
 .text.ADC_Init
                0x080001ec       0xac Libraries\STM32F4xx_StdPeriph_Driver\src\stm32f4xx_adc.o
                0x080001ec                ADC_Init
 .text.ADC_CommonInit
                0x08000298       0x50 Libraries\STM32F4xx_StdPeriph_Driver\src\stm32f4xx_adc.o
                0x08000298                ADC_CommonInit
 .text.ADC_CommonStructInit
                0x080002e8       0x2c Libraries\STM32F4xx_StdPeriph_Driver\src\stm32f4xx_adc.o
                0x080002e8                ADC_CommonStructInit
 .text.ADC_Cmd  0x08000314       0x38 Libraries\STM32F4xx_StdPeriph_Driver\src\stm32f4xx_adc.o
                0x08000314                ADC_Cmd
 .text.ADC_RegularChannelConfig
                0x0800034c      0x194 Libraries\STM32F4xx_StdPeriph_Driver\src\stm32f4xx_adc.o
                0x0800034c                ADC_RegularChannelConfig
 .text.ADC_DiscModeCmd
                0x080004e0       0x38 Libraries\STM32F4xx_StdPeriph_Driver\src\stm32f4xx_adc.o
                0x080004e0                ADC_DiscModeCmd
 .text.DMA_Cmd  0x08000518       0x38 Libraries\STM32F4xx_StdPeriph_Driver\src\stm32f4xx_dma.o
                0x08000518                DMA_Cmd
 .text.DMA_GetFlagStatus
                0x08000550       0x78 Libraries\STM32F4xx_StdPeriph_Driver\src\stm32f4xx_dma.o
                0x08000550                DMA_GetFlagStatus
 .text.DMA_ClearFlag
                0x080005c8       0x5c Libraries\STM32F4xx_StdPeriph_Driver\src\stm32f4xx_dma.o
                0x080005c8                DMA_ClearFlag
 .text.GPIO_Init
                0x08000624      0x11c Libraries\STM32F4xx_StdPeriph_Driver\src\stm32f4xx_gpio.o
                0x08000624                GPIO_Init
 .text.GPIO_SetBits
                0x08000740       0x1e Libraries\STM32F4xx_StdPeriph_Driver\src\stm32f4xx_gpio.o
                0x08000740                GPIO_SetBits
 .text.GPIO_ResetBits
                0x0800075e       0x1e Libraries\STM32F4xx_StdPeriph_Driver\src\stm32f4xx_gpio.o
                0x0800075e                GPIO_ResetBits
 .text.GPIO_WriteBit
                0x0800077c       0x30 Libraries\STM32F4xx_StdPeriph_Driver\src\stm32f4xx_gpio.o
                0x0800077c                GPIO_WriteBit
 .text.GPIO_PinAFConfig
                0x080007ac       0x92 Libraries\STM32F4xx_StdPeriph_Driver\src\stm32f4xx_gpio.o
                0x080007ac                GPIO_PinAFConfig
 .text.I2C_GenerateSTOP
                0x0800083e       0x40 Libraries\STM32F4xx_StdPeriph_Driver\src\stm32f4xx_i2c.o
                0x0800083e                I2C_GenerateSTOP
 .text.I2C_GetFlagStatus
                0x0800087e       0x66 Libraries\STM32F4xx_StdPeriph_Driver\src\stm32f4xx_i2c.o
                0x0800087e                I2C_GetFlagStatus
 .text.LTDC_Init
                0x080008e4      0x130 Libraries\STM32F4xx_StdPeriph_Driver\src\stm32f4xx_ltdc.o
                0x080008e4                LTDC_Init
 .text.LTDC_Cmd
                0x08000a14       0x3c Libraries\STM32F4xx_StdPeriph_Driver\src\stm32f4xx_ltdc.o
                0x08000a14                LTDC_Cmd
 .text.LTDC_DitherCmd
                0x08000a50       0x3c Libraries\STM32F4xx_StdPeriph_Driver\src\stm32f4xx_ltdc.o
                0x08000a50                LTDC_DitherCmd
 .text.LTDC_ReloadConfig
                0x08000a8c       0x20 Libraries\STM32F4xx_StdPeriph_Driver\src\stm32f4xx_ltdc.o
                0x08000a8c                LTDC_ReloadConfig
 .text.LTDC_LayerInit
                0x08000aac      0x134 Libraries\STM32F4xx_StdPeriph_Driver\src\stm32f4xx_ltdc.o
                0x08000aac                LTDC_LayerInit
 .text.LTDC_LayerCmd
                0x08000be0       0x38 Libraries\STM32F4xx_StdPeriph_Driver\src\stm32f4xx_ltdc.o
                0x08000be0                LTDC_LayerCmd
 .text.LTDC_LayerPosition
                0x08000c18       0xe0 Libraries\STM32F4xx_StdPeriph_Driver\src\stm32f4xx_ltdc.o
                0x08000c18                LTDC_LayerPosition
 .text.RCC_PLLSAIConfig
                0x08000cf8       0x34 Libraries\STM32F4xx_StdPeriph_Driver\src\stm32f4xx_rcc.o
                0x08000cf8                RCC_PLLSAIConfig
 .text.RCC_PLLSAICmd
                0x08000d2c       0x20 Libraries\STM32F4xx_StdPeriph_Driver\src\stm32f4xx_rcc.o
                0x08000d2c                RCC_PLLSAICmd
 .text.RCC_GetClocksFreq
                0x08000d4c      0x150 Libraries\STM32F4xx_StdPeriph_Driver\src\stm32f4xx_rcc.o
                0x08000d4c                RCC_GetClocksFreq
 .text.RCC_LTDCCLKDivConfig
                0x08000e9c       0x3c Libraries\STM32F4xx_StdPeriph_Driver\src\stm32f4xx_rcc.o
                0x08000e9c                RCC_LTDCCLKDivConfig
 .text.RCC_AHB1PeriphClockCmd
                0x08000ed8       0x40 Libraries\STM32F4xx_StdPeriph_Driver\src\stm32f4xx_rcc.o
                0x08000ed8                RCC_AHB1PeriphClockCmd
 .text.RCC_APB2PeriphClockCmd
                0x08000f18       0x40 Libraries\STM32F4xx_StdPeriph_Driver\src\stm32f4xx_rcc.o
                0x08000f18                RCC_APB2PeriphClockCmd
 .text.RCC_APB1PeriphResetCmd
                0x08000f58       0x40 Libraries\STM32F4xx_StdPeriph_Driver\src\stm32f4xx_rcc.o
                0x08000f58                RCC_APB1PeriphResetCmd
 .text.RCC_APB2PeriphResetCmd
                0x08000f98       0x40 Libraries\STM32F4xx_StdPeriph_Driver\src\stm32f4xx_rcc.o
                0x08000f98                RCC_APB2PeriphResetCmd
 .text.RCC_GetFlagStatus
                0x08000fd8       0x74 Libraries\STM32F4xx_StdPeriph_Driver\src\stm32f4xx_rcc.o
                0x08000fd8                RCC_GetFlagStatus
 .text.SPI_I2S_DeInit
                0x0800104c       0xdc Libraries\STM32F4xx_StdPeriph_Driver\src\stm32f4xx_spi.o
                0x0800104c                SPI_I2S_DeInit
 .text.SPI_Init
                0x08001128       0x88 Libraries\STM32F4xx_StdPeriph_Driver\src\stm32f4xx_spi.o
                0x08001128                SPI_Init
 .text.SPI_Cmd  0x080011b0       0x40 Libraries\STM32F4xx_StdPeriph_Driver\src\stm32f4xx_spi.o
                0x080011b0                SPI_Cmd
 .text.SPI_I2S_SendData
                0x080011f0       0x1e Libraries\STM32F4xx_StdPeriph_Driver\src\stm32f4xx_spi.o
                0x080011f0                SPI_I2S_SendData
 .text.SPI_I2S_GetFlagStatus
                0x0800120e       0x38 Libraries\STM32F4xx_StdPeriph_Driver\src\stm32f4xx_spi.o
                0x0800120e                SPI_I2S_GetFlagStatus
 *fill*         0x08001246        0x2 
 .text.USART_Init
                0x08001248      0x174 Libraries\STM32F4xx_StdPeriph_Driver\src\stm32f4xx_usart.o
                0x08001248                USART_Init
 .text.USART_Cmd
                0x080013bc       0x40 Libraries\STM32F4xx_StdPeriph_Driver\src\stm32f4xx_usart.o
                0x080013bc                USART_Cmd
 .text.STM_EVAL_LEDInit
                0x080013fc       0x5c Utilities\STM32F429I-Discovery\stm32f429i_discovery.o
                0x080013fc                STM_EVAL_LEDInit
 .text.STM_EVAL_LEDOn
                0x08001458       0x30 Utilities\STM32F429I-Discovery\stm32f429i_discovery.o
                0x08001458                STM_EVAL_LEDOn
 .text.STM_EVAL_LEDToggle
                0x08001488       0x3c Utilities\STM32F429I-Discovery\stm32f429i_discovery.o
                0x08001488                STM_EVAL_LEDToggle
 .text.DMA1_Stream4_IRQHandler
                0x080014c4       0x78 Utilities\STM32F429I-Discovery\stm32f429i_discovery_i2c_ee.o
                0x080014c4                DMA1_Stream4_IRQHandler
 .text.DMA1_Stream2_IRQHandler
                0x0800153c       0x48 Utilities\STM32F429I-Discovery\stm32f429i_discovery_i2c_ee.o
                0x0800153c                DMA1_Stream2_IRQHandler
 .text.LCD_ChipSelect
                0x08001584       0x30 Utilities\STM32F429I-Discovery\stm32f429i_discovery_lcd.o
                0x08001584                LCD_ChipSelect
 .text.LCD_ClearLine
                0x080015b4       0x54 Utilities\STM32F429I-Discovery\stm32f429i_discovery_lcd.o
                0x080015b4                LCD_ClearLine
 .text.LCD_Clear
                0x08001608       0x44 Utilities\STM32F429I-Discovery\stm32f429i_discovery_lcd.o
                0x08001608                LCD_Clear
 .text.LCD_DrawChar
                0x0800164c      0x128 Utilities\STM32F429I-Discovery\stm32f429i_discovery_lcd.o
                0x0800164c                LCD_DrawChar
 .text.LCD_DisplayChar
                0x08001774       0x44 Utilities\STM32F429I-Discovery\stm32f429i_discovery_lcd.o
                0x08001774                LCD_DisplayChar
 .text.LCD_WriteCommand
                0x080017b8       0x54 Utilities\STM32F429I-Discovery\stm32f429i_discovery_lcd.o
                0x080017b8                LCD_WriteCommand
 .text.LCD_WriteData
                0x0800180c       0x54 Utilities\STM32F429I-Discovery\stm32f429i_discovery_lcd.o
                0x0800180c                LCD_WriteData
 .text.LCD_PowerOn
                0x08001860      0x290 Utilities\STM32F429I-Discovery\stm32f429i_discovery_lcd.o
                0x08001860                LCD_PowerOn
 .text.LCD_CtrlLinesConfig
                0x08001af0       0x44 Utilities\STM32F429I-Discovery\stm32f429i_discovery_lcd.o
                0x08001af0                LCD_CtrlLinesConfig
 .text.LCD_CtrlLinesWrite
                0x08001b34       0x24 Utilities\STM32F429I-Discovery\stm32f429i_discovery_lcd.o
                0x08001b34                LCD_CtrlLinesWrite
 .text.LCD_SPIConfig
                0x08001b58       0xc8 Utilities\STM32F429I-Discovery\stm32f429i_discovery_lcd.o
                0x08001b58                LCD_SPIConfig
 .text.delay    0x08001c20       0x2a Utilities\STM32F429I-Discovery\stm32f429i_discovery_lcd.o
 *fill*         0x08001c4a        0x2 
 .text.main     0x08001c4c      0x1b4 src\main.o
                0x08001c4c                main
 .text.LCD_Config
                0x08001e00      0x15c src\main.o
 .text.LCD_AF_GPIOConfig
                0x08001f5c      0x16c src\main.o
 .text.delay    0x080020c8       0x34 src\main.o
 .text.sEE_TIMEOUT_UserCallback
                0x080020fc        0x6 src\main.o
                0x080020fc                sEE_TIMEOUT_UserCallback
 *fill*         0x08002102        0x2 
 .text.Reset_Handler
                0x08002104       0x50 src\startup_stm32f429x.o
                0x08002104                Reset_Handler
 .text.Default_Handler
                0x08002154        0x2 src\startup_stm32f429x.o
                0x08002154                RTC_Alarm_IRQHandler
                0x08002154                HASH_RNG_IRQHandler
                0x08002154                EXTI2_IRQHandler
                0x08002154                TIM8_CC_IRQHandler
                0x08002154                UART8_IRQHandler
                0x08002154                SPI4_IRQHandler
                0x08002154                TIM1_CC_IRQHandler
                0x08002154                DMA2_Stream5_IRQHandler
                0x08002154                DMA1_Stream5_IRQHandler
                0x08002154                PVD_IRQHandler
                0x08002154                SDIO_IRQHandler
                0x08002154                TAMP_STAMP_IRQHandler
                0x08002154                CAN2_RX1_IRQHandler
                0x08002154                EXTI3_IRQHandler
                0x08002154                TIM8_TRG_COM_TIM14_IRQHandler
                0x08002154                TIM1_UP_TIM10_IRQHandler
                0x08002154                TIM8_UP_TIM13_IRQHandler
                0x08002154                I2C3_ER_IRQHandler
                0x08002154                EXTI0_IRQHandler
                0x08002154                I2C2_EV_IRQHandler
                0x08002154                CAN1_RX0_IRQHandler
                0x08002154                FPU_IRQHandler
                0x08002154                OTG_HS_WKUP_IRQHandler
                0x08002154                LTDC_ER_IRQHandler
                0x08002154                CAN2_SCE_IRQHandler
                0x08002154                DMA2_Stream2_IRQHandler
                0x08002154                SPI1_IRQHandler
                0x08002154                TIM6_DAC_IRQHandler
                0x08002154                TIM1_BRK_TIM9_IRQHandler
                0x08002154                DCMI_IRQHandler
                0x08002154                CAN2_RX0_IRQHandler
                0x08002154                DMA2_Stream3_IRQHandler
                0x08002154                USART6_IRQHandler
                0x08002154                USART3_IRQHandler
                0x08002154                CRYP_IRQHandler
                0x08002154                CAN1_RX1_IRQHandler
                0x08002154                UART5_IRQHandler
                0x08002154                DMA2_Stream0_IRQHandler
                0x08002154                TIM4_IRQHandler
                0x08002154                I2C1_EV_IRQHandler
                0x08002154                DMA1_Stream6_IRQHandler
                0x08002154                DMA1_Stream1_IRQHandler
                0x08002154                UART4_IRQHandler
                0x08002154                TIM3_IRQHandler
                0x08002154                RCC_IRQHandler
                0x08002154                TIM8_BRK_TIM12_IRQHandler
                0x08002154                Default_Handler
                0x08002154                EXTI15_10_IRQHandler
                0x08002154                ADC_IRQHandler
                0x08002154                DMA1_Stream7_IRQHandler
                0x08002154                SPI5_IRQHandler
                0x08002154                TIM7_IRQHandler
                0x08002154                CAN2_TX_IRQHandler
                0x08002154                TIM5_IRQHandler
                0x08002154                DMA2_Stream7_IRQHandler
                0x08002154                I2C3_EV_IRQHandler
                0x08002154                EXTI9_5_IRQHandler
                0x08002154                RTC_WKUP_IRQHandler
                0x08002154                LTDC_IRQHandler
                0x08002154                ETH_WKUP_IRQHandler
                0x08002154                SPI2_IRQHandler
                0x08002154                OTG_HS_EP1_IN_IRQHandler
                0x08002154                DMA1_Stream0_IRQHandler
                0x08002154                CAN1_TX_IRQHandler
                0x08002154                EXTI4_IRQHandler
                0x08002154                ETH_IRQHandler
                0x08002154                OTG_HS_EP1_OUT_IRQHandler
                0x08002154                WWDG_IRQHandler
                0x08002154                SPI6_IRQHandler
                0x08002154                TIM2_IRQHandler
                0x08002154                OTG_FS_WKUP_IRQHandler
                0x08002154                TIM1_TRG_COM_TIM11_IRQHandler
                0x08002154                OTG_HS_IRQHandler
                0x08002154                DMA2D_IRQHandler
                0x08002154                EXTI1_IRQHandler
                0x08002154                UART7_IRQHandler
                0x08002154                USART2_IRQHandler
                0x08002154                I2C2_ER_IRQHandler
                0x08002154                DMA2_Stream1_IRQHandler
                0x08002154                CAN1_SCE_IRQHandler
                0x08002154                FLASH_IRQHandler
                0x08002154                DMA2_Stream4_IRQHandler
                0x08002154                USART1_IRQHandler
                0x08002154                OTG_FS_IRQHandler
                0x08002154                SPI3_IRQHandler
                0x08002154                I2C1_ER_IRQHandler
                0x08002154                FMC_IRQHandler
                0x08002154                DMA2_Stream6_IRQHandler
                0x08002154                SAI1_IRQHandler
                0x08002154                DMA1_Stream3_IRQHandler
 .text.NMI_Handler
                0x08002156        0xe src\stm32f4xx_it.o
                0x08002156                NMI_Handler
 .text.HardFault_Handler
                0x08002164        0x6 src\stm32f4xx_it.o
                0x08002164                HardFault_Handler
 .text.MemManage_Handler
                0x0800216a        0x6 src\stm32f4xx_it.o
                0x0800216a                MemManage_Handler
 .text.BusFault_Handler
                0x08002170        0x6 src\stm32f4xx_it.o
                0x08002170                BusFault_Handler
 .text.UsageFault_Handler
                0x08002176        0x6 src\stm32f4xx_it.o
                0x08002176                UsageFault_Handler
 .text.SVC_Handler
                0x0800217c        0xe src\stm32f4xx_it.o
                0x0800217c                SVC_Handler
 .text.DebugMon_Handler
                0x0800218a        0xe src\stm32f4xx_it.o
                0x0800218a                DebugMon_Handler
 .text.PendSV_Handler
                0x08002198        0xe src\stm32f4xx_it.o
                0x08002198                PendSV_Handler
 .text.SysTick_Handler
                0x080021a6        0xe src\stm32f4xx_it.o
                0x080021a6                SysTick_Handler
 .text.SystemInit
                0x080021b4       0x6c src\system_stm32f4xx.o
                0x080021b4                SystemInit
 .text.SetSysClock
                0x08002220       0xf8 src\system_stm32f4xx.o
 .text.__libc_init_array
                0x08002318       0x48 c:/program files (x86)/atollic/truestudio for stm32 9.3.0/armtools/bin/../lib/gcc/arm-atollic-eabi/6.3.1/../../../../arm-atollic-eabi/lib/armv7e-m/fpu\libc_nano.a(lib_a-init.o)
                0x08002318                __libc_init_array
 *(.glue_7)
 .glue_7        0x08002360        0x0 linker stubs
 *(.glue_7t)
 .glue_7t       0x08002360        0x0 linker stubs
 *(.eh_frame)
 .eh_frame      0x08002360        0x0 c:/program files (x86)/atollic/truestudio for stm32 9.3.0/armtools/bin/../lib/gcc/arm-atollic-eabi/6.3.1/armv7e-m/fpu/crtbegin.o
 *(.init)
 .init          0x08002360        0x4 c:/program files (x86)/atollic/truestudio for stm32 9.3.0/armtools/bin/../lib/gcc/arm-atollic-eabi/6.3.1/armv7e-m/fpu/crti.o
                0x08002360                _init
 .init          0x08002364        0x8 c:/program files (x86)/atollic/truestudio for stm32 9.3.0/armtools/bin/../lib/gcc/arm-atollic-eabi/6.3.1/armv7e-m/fpu/crtn.o
 *(.fini)
 .fini          0x0800236c        0x4 c:/program files (x86)/atollic/truestudio for stm32 9.3.0/armtools/bin/../lib/gcc/arm-atollic-eabi/6.3.1/armv7e-m/fpu/crti.o
                0x0800236c                _fini
 .fini          0x08002370        0x8 c:/program files (x86)/atollic/truestudio for stm32 9.3.0/armtools/bin/../lib/gcc/arm-atollic-eabi/6.3.1/armv7e-m/fpu/crtn.o
                0x08002378                . = ALIGN (0x4)
                0x08002378                _etext = .

.vfp11_veneer   0x08002378        0x0
 .vfp11_veneer  0x08002378        0x0 linker stubs

.v4_bx          0x08002378        0x0
 .v4_bx         0x08002378        0x0 linker stubs

.iplt           0x08002378        0x0
 .iplt          0x08002378        0x0 c:/program files (x86)/atollic/truestudio for stm32 9.3.0/armtools/bin/../lib/gcc/arm-atollic-eabi/6.3.1/armv7e-m/fpu/crtbegin.o

.rodata         0x08002378    0x1c20c
                0x08002378                . = ALIGN (0x4)
 *(.rodata)
 *(.rodata*)
 .rodata.GPIO_PIN
                0x08002378        0x4 Utilities\STM32F429I-Discovery\stm32f429i_discovery.o
                0x08002378                GPIO_PIN
 .rodata.GPIO_CLK
                0x0800237c        0x8 Utilities\STM32F429I-Discovery\stm32f429i_discovery.o
                0x0800237c                GPIO_CLK
 .rodata.image_data_my
                0x08002384    0x1c200 src\main.o
                0x0801e584                . = ALIGN (0x4)

.rel.dyn        0x0801e584        0x0
 .rel.iplt      0x0801e584        0x0 c:/program files (x86)/atollic/truestudio for stm32 9.3.0/armtools/bin/../lib/gcc/arm-atollic-eabi/6.3.1/armv7e-m/fpu/crtbegin.o

.ARM.extab
 *(.ARM.extab* .gnu.linkonce.armextab.*)

.ARM            0x0801e584        0x0
                0x0801e584                __exidx_start = .
 *(.ARM.exidx*)
                0x0801e584                __exidx_end = .

.preinit_array  0x0801e584        0x0
                0x0801e584                PROVIDE (__preinit_array_start, .)
 *(.preinit_array*)
                0x0801e584                PROVIDE (__preinit_array_end, .)

.init_array     0x0801e584        0x4
                0x0801e584                PROVIDE (__init_array_start, .)
 *(SORT(.init_array.*))
 *(.init_array*)
 .init_array    0x0801e584        0x4 c:/program files (x86)/atollic/truestudio for stm32 9.3.0/armtools/bin/../lib/gcc/arm-atollic-eabi/6.3.1/armv7e-m/fpu/crtbegin.o
                0x0801e588                PROVIDE (__init_array_end, .)

.fini_array     0x0801e588        0x4
                [!provide]                PROVIDE (__fini_array_start, .)
 *(SORT(.fini_array.*))
 *(.fini_array*)
 .fini_array    0x0801e588        0x4 c:/program files (x86)/atollic/truestudio for stm32 9.3.0/armtools/bin/../lib/gcc/arm-atollic-eabi/6.3.1/armv7e-m/fpu/crtbegin.o
                [!provide]                PROVIDE (__fini_array_end, .)
                0x0801e58c                _sidata = LOADADDR (.data)

.data           0x20000000       0x24 load address 0x0801e58c
                0x20000000                . = ALIGN (0x4)
                0x20000000                _sdata = .
 *(.data)
 *(.data*)
 .data.APBAHBPrescTable
                0x20000000       0x10 Libraries\STM32F4xx_StdPeriph_Driver\src\stm32f4xx_rcc.o
 .data.GPIO_PORT
                0x20000010        0x8 Utilities\STM32F429I-Discovery\stm32f429i_discovery.o
                0x20000010                GPIO_PORT
 .data.sEETimeout
                0x20000018        0x4 Utilities\STM32F429I-Discovery\stm32f429i_discovery_i2c_ee.o
                0x20000018                sEETimeout
 .data.CurrentBackColor
                0x2000001c        0x2 Utilities\STM32F429I-Discovery\stm32f429i_discovery_lcd.o
 *fill*         0x2000001e        0x2 
 .data.CurrentFrameBuffer
                0x20000020        0x4 Utilities\STM32F429I-Discovery\stm32f429i_discovery_lcd.o
                0x20000024                . = ALIGN (0x4)
                0x20000024                _edata = .
                0x0801e5b0                _siccmram = LOADADDR (.ccmram)

.igot.plt       0x20000024        0x0 load address 0x0801e5b0
 .igot.plt      0x20000024        0x0 c:/program files (x86)/atollic/truestudio for stm32 9.3.0/armtools/bin/../lib/gcc/arm-atollic-eabi/6.3.1/armv7e-m/fpu/crtbegin.o

.ccmram         0x10000000        0x0 load address 0x0801e5b0
                0x10000000                . = ALIGN (0x4)
                0x10000000                _sccmram = .
 *(.ccmram)
 *(.ccmram*)
                0x10000000                . = ALIGN (0x4)
                0x10000000                _eccmram = .
                0x10000000                . = ALIGN (0x4)

.bss            0x20000024       0x30
                0x20000024                _sbss = .
                0x20000024                __bss_start__ = _sbss
 *(.bss)
 .bss           0x20000024       0x1c c:/program files (x86)/atollic/truestudio for stm32 9.3.0/armtools/bin/../lib/gcc/arm-atollic-eabi/6.3.1/armv7e-m/fpu/crtbegin.o
 *(.bss*)
 .bss.LCD_Currentfonts
                0x20000040        0x4 Utilities\STM32F429I-Discovery\stm32f429i_discovery_lcd.o
 .bss.CurrentTextColor
                0x20000044        0x2 Utilities\STM32F429I-Discovery\stm32f429i_discovery_lcd.o
 *(COMMON)
 *fill*         0x20000046        0x2 
 COMMON         0x20000048        0xc Utilities\STM32F429I-Discovery\stm32f429i_discovery_i2c_ee.o
                0x20000048                sEEDataWritePointer
                0x2000004c                sEEDataNum
                0x20000050                sEEDataReadPointer
                0x20000054                . = ALIGN (0x4)
                0x20000054                _ebss = .
                0x20000054                __bss_end__ = _ebss

._user_heap_stack
                0x20000054      0x400
                0x20000054                . = ALIGN (0x4)
                0x20000054                PROVIDE (end, .)
                [!provide]                PROVIDE (_end, .)
                0x20000054                . = (. + _Min_Heap_Size)
                0x20000454                . = (. + _Min_Stack_Size)
 *fill*         0x20000054      0x400 
                0x20000454                . = ALIGN (0x4)

.memory_b1_text
 *(.mb1text)
 *(.mb1text*)
 *(.mb1rodata)
 *(.mb1rodata*)

/DISCARD/
 libc.a(*)
 libm.a(*)
 libgcc.a(*)

.ARM.attributes
                0x00000000       0x30
 *(.ARM.attributes)
 .ARM.attributes
                0x00000000       0x22 c:/program files (x86)/atollic/truestudio for stm32 9.3.0/armtools/bin/../lib/gcc/arm-atollic-eabi/6.3.1/armv7e-m/fpu/crti.o
 .ARM.attributes
                0x00000022       0x34 c:/program files (x86)/atollic/truestudio for stm32 9.3.0/armtools/bin/../lib/gcc/arm-atollic-eabi/6.3.1/armv7e-m/fpu/crtbegin.o
 .ARM.attributes
                0x00000056       0x39 Libraries\STM32F4xx_StdPeriph_Driver\src\stm32f4xx_adc.o
 .ARM.attributes
                0x0000008f       0x39 Libraries\STM32F4xx_StdPeriph_Driver\src\stm32f4xx_dma.o
 .ARM.attributes
                0x000000c8       0x39 Libraries\STM32F4xx_StdPeriph_Driver\src\stm32f4xx_gpio.o
 .ARM.attributes
                0x00000101       0x39 Libraries\STM32F4xx_StdPeriph_Driver\src\stm32f4xx_i2c.o
 .ARM.attributes
                0x0000013a       0x39 Libraries\STM32F4xx_StdPeriph_Driver\src\stm32f4xx_ltdc.o
 .ARM.attributes
                0x00000173       0x39 Libraries\STM32F4xx_StdPeriph_Driver\src\stm32f4xx_rcc.o
 .ARM.attributes
                0x000001ac       0x39 Libraries\STM32F4xx_StdPeriph_Driver\src\stm32f4xx_spi.o
 .ARM.attributes
                0x000001e5       0x39 Libraries\STM32F4xx_StdPeriph_Driver\src\stm32f4xx_usart.o
 .ARM.attributes
                0x0000021e       0x39 Utilities\STM32F429I-Discovery\stm32f429i_discovery.o
 .ARM.attributes
                0x00000257       0x39 Utilities\STM32F429I-Discovery\stm32f429i_discovery_i2c_ee.o
 .ARM.attributes
                0x00000290       0x39 Utilities\STM32F429I-Discovery\stm32f429i_discovery_lcd.o
 .ARM.attributes
                0x000002c9       0x39 src\main.o
 .ARM.attributes
                0x00000302       0x21 src\startup_stm32f429x.o
 .ARM.attributes
                0x00000323       0x39 src\stm32f4xx_it.o
 .ARM.attributes
                0x0000035c       0x39 src\system_stm32f4xx.o
 .ARM.attributes
                0x00000395       0x34 c:/program files (x86)/atollic/truestudio for stm32 9.3.0/armtools/bin/../lib/gcc/arm-atollic-eabi/6.3.1/../../../../arm-atollic-eabi/lib/armv7e-m/fpu\libc_nano.a(lib_a-init.o)
 .ARM.attributes
                0x000003c9       0x22 c:/program files (x86)/atollic/truestudio for stm32 9.3.0/armtools/bin/../lib/gcc/arm-atollic-eabi/6.3.1/armv7e-m/fpu/crtn.o
OUTPUT(MyFirstProject.elf elf32-littlearm)

.debug_info     0x00000000     0x99e0
 .debug_info    0x00000000      0xc4f Libraries\STM32F4xx_StdPeriph_Driver\src\stm32f4xx_adc.o
 .debug_info    0x00000c4f      0x74c Libraries\STM32F4xx_StdPeriph_Driver\src\stm32f4xx_dma.o
 .debug_info    0x0000139b      0x628 Libraries\STM32F4xx_StdPeriph_Driver\src\stm32f4xx_gpio.o
 .debug_info    0x000019c3      0xb9e Libraries\STM32F4xx_StdPeriph_Driver\src\stm32f4xx_i2c.o
 .debug_info    0x00002561      0xd0f Libraries\STM32F4xx_StdPeriph_Driver\src\stm32f4xx_ltdc.o
 .debug_info    0x00003270      0xe36 Libraries\STM32F4xx_StdPeriph_Driver\src\stm32f4xx_rcc.o
 .debug_info    0x000040a6      0xb34 Libraries\STM32F4xx_StdPeriph_Driver\src\stm32f4xx_spi.o
 .debug_info    0x00004bda      0x9d5 Libraries\STM32F4xx_StdPeriph_Driver\src\stm32f4xx_usart.o
 .debug_info    0x000055af      0xbbb Utilities\STM32F429I-Discovery\stm32f429i_discovery.o
 .debug_info    0x0000616a      0x50d Utilities\STM32F429I-Discovery\stm32f429i_discovery_i2c_ee.o
 .debug_info    0x00006677     0x18c4 Utilities\STM32F429I-Discovery\stm32f429i_discovery_lcd.o
 .debug_info    0x00007f3b     0x12ae src\main.o
 .debug_info    0x000091e9       0xac src\startup_stm32f429x.o
 .debug_info    0x00009295      0x154 src\stm32f4xx_it.o
 .debug_info    0x000093e9      0x5f7 src\system_stm32f4xx.o

.debug_abbrev   0x00000000     0x1739
 .debug_abbrev  0x00000000      0x1ab Libraries\STM32F4xx_StdPeriph_Driver\src\stm32f4xx_adc.o
 .debug_abbrev  0x000001ab      0x168 Libraries\STM32F4xx_StdPeriph_Driver\src\stm32f4xx_dma.o
 .debug_abbrev  0x00000313      0x1b8 Libraries\STM32F4xx_StdPeriph_Driver\src\stm32f4xx_gpio.o
 .debug_abbrev  0x000004cb      0x191 Libraries\STM32F4xx_StdPeriph_Driver\src\stm32f4xx_i2c.o
 .debug_abbrev  0x0000065c      0x1a3 Libraries\STM32F4xx_StdPeriph_Driver\src\stm32f4xx_ltdc.o
 .debug_abbrev  0x000007ff      0x1cf Libraries\STM32F4xx_StdPeriph_Driver\src\stm32f4xx_rcc.o
 .debug_abbrev  0x000009ce      0x17a Libraries\STM32F4xx_StdPeriph_Driver\src\stm32f4xx_spi.o
 .debug_abbrev  0x00000b48      0x182 Libraries\STM32F4xx_StdPeriph_Driver\src\stm32f4xx_usart.o
 .debug_abbrev  0x00000cca      0x1f5 Utilities\STM32F429I-Discovery\stm32f429i_discovery.o
 .debug_abbrev  0x00000ebf      0x1c7 Utilities\STM32F429I-Discovery\stm32f429i_discovery_i2c_ee.o
 .debug_abbrev  0x00001086      0x253 Utilities\STM32F429I-Discovery\stm32f429i_discovery_lcd.o
 .debug_abbrev  0x000012d9      0x27e src\main.o
 .debug_abbrev  0x00001557       0x12 src\startup_stm32f429x.o
 .debug_abbrev  0x00001569       0x78 src\stm32f4xx_it.o
 .debug_abbrev  0x000015e1      0x158 src\system_stm32f4xx.o

.debug_aranges  0x00000000      0xbb0
 .debug_aranges
                0x00000000      0x148 Libraries\STM32F4xx_StdPeriph_Driver\src\stm32f4xx_adc.o
 .debug_aranges
                0x00000148       0xb0 Libraries\STM32F4xx_StdPeriph_Driver\src\stm32f4xx_dma.o
 .debug_aranges
                0x000001f8       0x88 Libraries\STM32F4xx_StdPeriph_Driver\src\stm32f4xx_gpio.o
 .debug_aranges
                0x00000280      0x130 Libraries\STM32F4xx_StdPeriph_Driver\src\stm32f4xx_i2c.o
 .debug_aranges
                0x000003b0      0x108 Libraries\STM32F4xx_StdPeriph_Driver\src\stm32f4xx_ltdc.o
 .debug_aranges
                0x000004b8      0x1b8 Libraries\STM32F4xx_StdPeriph_Driver\src\stm32f4xx_rcc.o
 .debug_aranges
                0x00000670       0xe0 Libraries\STM32F4xx_StdPeriph_Driver\src\stm32f4xx_spi.o
 .debug_aranges
                0x00000750      0x100 Libraries\STM32F4xx_StdPeriph_Driver\src\stm32f4xx_usart.o
 .debug_aranges
                0x00000850       0x60 Utilities\STM32F429I-Discovery\stm32f429i_discovery.o
 .debug_aranges
                0x000008b0       0x58 Utilities\STM32F429I-Discovery\stm32f429i_discovery_i2c_ee.o
 .debug_aranges
                0x00000908      0x1b0 Utilities\STM32F429I-Discovery\stm32f429i_discovery_lcd.o
 .debug_aranges
                0x00000ab8       0x40 src\main.o
 .debug_aranges
                0x00000af8       0x28 src\startup_stm32f429x.o
 .debug_aranges
                0x00000b20       0x60 src\stm32f4xx_it.o
 .debug_aranges
                0x00000b80       0x30 src\system_stm32f4xx.o

.debug_ranges   0x00000000      0xac8
 .debug_ranges  0x00000000      0x138 Libraries\STM32F4xx_StdPeriph_Driver\src\stm32f4xx_adc.o
 .debug_ranges  0x00000138       0xa0 Libraries\STM32F4xx_StdPeriph_Driver\src\stm32f4xx_dma.o
 .debug_ranges  0x000001d8       0x78 Libraries\STM32F4xx_StdPeriph_Driver\src\stm32f4xx_gpio.o
 .debug_ranges  0x00000250      0x120 Libraries\STM32F4xx_StdPeriph_Driver\src\stm32f4xx_i2c.o
 .debug_ranges  0x00000370       0xf8 Libraries\STM32F4xx_StdPeriph_Driver\src\stm32f4xx_ltdc.o
 .debug_ranges  0x00000468      0x1a8 Libraries\STM32F4xx_StdPeriph_Driver\src\stm32f4xx_rcc.o
 .debug_ranges  0x00000610       0xd0 Libraries\STM32F4xx_StdPeriph_Driver\src\stm32f4xx_spi.o
 .debug_ranges  0x000006e0       0xf0 Libraries\STM32F4xx_StdPeriph_Driver\src\stm32f4xx_usart.o
 .debug_ranges  0x000007d0       0x50 Utilities\STM32F429I-Discovery\stm32f429i_discovery.o
 .debug_ranges  0x00000820       0x48 Utilities\STM32F429I-Discovery\stm32f429i_discovery_i2c_ee.o
 .debug_ranges  0x00000868      0x1a0 Utilities\STM32F429I-Discovery\stm32f429i_discovery_lcd.o
 .debug_ranges  0x00000a08       0x30 src\main.o
 .debug_ranges  0x00000a38       0x20 src\startup_stm32f429x.o
 .debug_ranges  0x00000a58       0x50 src\stm32f4xx_it.o
 .debug_ranges  0x00000aa8       0x20 src\system_stm32f4xx.o

.debug_line     0x00000000     0x426a
 .debug_line    0x00000000      0x575 Libraries\STM32F4xx_StdPeriph_Driver\src\stm32f4xx_adc.o
 .debug_line    0x00000575      0x442 Libraries\STM32F4xx_StdPeriph_Driver\src\stm32f4xx_dma.o
 .debug_line    0x000009b7      0x388 Libraries\STM32F4xx_StdPeriph_Driver\src\stm32f4xx_gpio.o
 .debug_line    0x00000d3f      0x52e Libraries\STM32F4xx_StdPeriph_Driver\src\stm32f4xx_i2c.o
 .debug_line    0x0000126d      0x513 Libraries\STM32F4xx_StdPeriph_Driver\src\stm32f4xx_ltdc.o
 .debug_line    0x00001780      0x664 Libraries\STM32F4xx_StdPeriph_Driver\src\stm32f4xx_rcc.o
 .debug_line    0x00001de4      0x488 Libraries\STM32F4xx_StdPeriph_Driver\src\stm32f4xx_spi.o
 .debug_line    0x0000226c      0x4e2 Libraries\STM32F4xx_StdPeriph_Driver\src\stm32f4xx_usart.o
 .debug_line    0x0000274e      0x34b Utilities\STM32F429I-Discovery\stm32f429i_discovery.o
 .debug_line    0x00002a99      0x431 Utilities\STM32F429I-Discovery\stm32f429i_discovery_i2c_ee.o
 .debug_line    0x00002eca      0xa8c Utilities\STM32F429I-Discovery\stm32f429i_discovery_lcd.o
 .debug_line    0x00003956      0x452 src\main.o
 .debug_line    0x00003da8       0x7a src\startup_stm32f429x.o
 .debug_line    0x00003e22      0x22a src\stm32f4xx_it.o
 .debug_line    0x0000404c      0x21e src\system_stm32f4xx.o

.debug_str      0x00000000     0x4137
 .debug_str     0x00000000      0x839 Libraries\STM32F4xx_StdPeriph_Driver\src\stm32f4xx_adc.o
                                0x8be (size before relaxing)
 .debug_str     0x00000839      0x377 Libraries\STM32F4xx_StdPeriph_Driver\src\stm32f4xx_dma.o
                                0x5fc (size before relaxing)
 .debug_str     0x00000bb0      0x31b Libraries\STM32F4xx_StdPeriph_Driver\src\stm32f4xx_gpio.o
                                0x55d (size before relaxing)
 .debug_str     0x00000ecb      0x4c8 Libraries\STM32F4xx_StdPeriph_Driver\src\stm32f4xx_i2c.o
                                0x76c (size before relaxing)
 .debug_str     0x00001393      0x804 Libraries\STM32F4xx_StdPeriph_Driver\src\stm32f4xx_ltdc.o
                                0xae2 (size before relaxing)
 .debug_str     0x00001b97      0x709 Libraries\STM32F4xx_StdPeriph_Driver\src\stm32f4xx_rcc.o
                                0xa57 (size before relaxing)
 .debug_str     0x000022a0      0x38c Libraries\STM32F4xx_StdPeriph_Driver\src\stm32f4xx_spi.o
                                0x757 (size before relaxing)
 .debug_str     0x0000262c      0x423 Libraries\STM32F4xx_StdPeriph_Driver\src\stm32f4xx_usart.o
                                0x749 (size before relaxing)
 .debug_str     0x00002a4f      0x8c6 Utilities\STM32F429I-Discovery\stm32f429i_discovery.o
                                0xe55 (size before relaxing)
 .debug_str     0x00003315      0x17d Utilities\STM32F429I-Discovery\stm32f429i_discovery_i2c_ee.o
                                0x4db (size before relaxing)
 .debug_str     0x00003492      0x67a Utilities\STM32F429I-Discovery\stm32f429i_discovery_lcd.o
                                0xfa3 (size before relaxing)
 .debug_str     0x00003b0c      0x4a2 src\main.o
                                0xe77 (size before relaxing)
 .debug_str     0x00003fae       0xa6 src\stm32f4xx_it.o
                                0x2a9 (size before relaxing)
 .debug_str     0x00004054       0xe3 src\system_stm32f4xx.o
                                0x44f (size before relaxing)

.comment        0x00000000       0x7c
 .comment       0x00000000       0x7c Libraries\STM32F4xx_StdPeriph_Driver\src\stm32f4xx_adc.o
                                 0x7d (size before relaxing)
 .comment       0x0000007c       0x7d Libraries\STM32F4xx_StdPeriph_Driver\src\stm32f4xx_dma.o
 .comment       0x0000007c       0x7d Libraries\STM32F4xx_StdPeriph_Driver\src\stm32f4xx_gpio.o
 .comment       0x0000007c       0x7d Libraries\STM32F4xx_StdPeriph_Driver\src\stm32f4xx_i2c.o
 .comment       0x0000007c       0x7d Libraries\STM32F4xx_StdPeriph_Driver\src\stm32f4xx_ltdc.o
 .comment       0x0000007c       0x7d Libraries\STM32F4xx_StdPeriph_Driver\src\stm32f4xx_rcc.o
 .comment       0x0000007c       0x7d Libraries\STM32F4xx_StdPeriph_Driver\src\stm32f4xx_spi.o
 .comment       0x0000007c       0x7d Libraries\STM32F4xx_StdPeriph_Driver\src\stm32f4xx_usart.o
 .comment       0x0000007c       0x7d Utilities\STM32F429I-Discovery\stm32f429i_discovery.o
 .comment       0x0000007c       0x7d Utilities\STM32F429I-Discovery\stm32f429i_discovery_i2c_ee.o
 .comment       0x0000007c       0x7d Utilities\STM32F429I-Discovery\stm32f429i_discovery_lcd.o
 .comment       0x0000007c       0x7d src\main.o
 .comment       0x0000007c       0x7d src\stm32f4xx_it.o
 .comment       0x0000007c       0x7d src\system_stm32f4xx.o

.debug_frame    0x00000000     0x3268
 .debug_frame   0x00000000      0x5ec Libraries\STM32F4xx_StdPeriph_Driver\src\stm32f4xx_adc.o
 .debug_frame   0x000005ec      0x308 Libraries\STM32F4xx_StdPeriph_Driver\src\stm32f4xx_dma.o
 .debug_frame   0x000008f4      0x23c Libraries\STM32F4xx_StdPeriph_Driver\src\stm32f4xx_gpio.o
 .debug_frame   0x00000b30      0x580 Libraries\STM32F4xx_StdPeriph_Driver\src\stm32f4xx_i2c.o
 .debug_frame   0x000010b0      0x4b4 Libraries\STM32F4xx_StdPeriph_Driver\src\stm32f4xx_ltdc.o
 .debug_frame   0x00001564      0x814 Libraries\STM32F4xx_StdPeriph_Driver\src\stm32f4xx_rcc.o
 .debug_frame   0x00001d78      0x3f4 Libraries\STM32F4xx_StdPeriph_Driver\src\stm32f4xx_spi.o
 .debug_frame   0x0000216c      0x490 Libraries\STM32F4xx_StdPeriph_Driver\src\stm32f4xx_usart.o
 .debug_frame   0x000025fc      0x160 Utilities\STM32F429I-Discovery\stm32f429i_discovery.o
 .debug_frame   0x0000275c      0x120 Utilities\STM32F429I-Discovery\stm32f429i_discovery_i2c_ee.o
 .debug_frame   0x0000287c      0x778 Utilities\STM32F429I-Discovery\stm32f429i_discovery_lcd.o
 .debug_frame   0x00002ff4       0xbc src\main.o
 .debug_frame   0x000030b0      0x110 src\stm32f4xx_it.o
 .debug_frame   0x000031c0       0x7c src\system_stm32f4xx.o
 .debug_frame   0x0000323c       0x2c c:/program files (x86)/atollic/truestudio for stm32 9.3.0/armtools/bin/../lib/gcc/arm-atollic-eabi/6.3.1/../../../../arm-atollic-eabi/lib/armv7e-m/fpu\libc_nano.a(lib_a-init.o)

Cross Reference Table

Symbol                                            File
ADC_AnalogWatchdogCmd                             Libraries\STM32F4xx_StdPeriph_Driver\src\stm32f4xx_adc.o
ADC_AnalogWatchdogSingleChannelConfig             Libraries\STM32F4xx_StdPeriph_Driver\src\stm32f4xx_adc.o
ADC_AnalogWatchdogThresholdsConfig                Libraries\STM32F4xx_StdPeriph_Driver\src\stm32f4xx_adc.o
ADC_AutoInjectedConvCmd                           Libraries\STM32F4xx_StdPeriph_Driver\src\stm32f4xx_adc.o
ADC_ClearFlag                                     Libraries\STM32F4xx_StdPeriph_Driver\src\stm32f4xx_adc.o
ADC_ClearITPendingBit                             Libraries\STM32F4xx_StdPeriph_Driver\src\stm32f4xx_adc.o
ADC_Cmd                                           Libraries\STM32F4xx_StdPeriph_Driver\src\stm32f4xx_adc.o
                                                  src\main.o
ADC_CommonInit                                    Libraries\STM32F4xx_StdPeriph_Driver\src\stm32f4xx_adc.o
                                                  src\main.o
ADC_CommonStructInit                              Libraries\STM32F4xx_StdPeriph_Driver\src\stm32f4xx_adc.o
                                                  src\main.o
ADC_ContinuousModeCmd                             Libraries\STM32F4xx_StdPeriph_Driver\src\stm32f4xx_adc.o
ADC_DMACmd                                        Libraries\STM32F4xx_StdPeriph_Driver\src\stm32f4xx_adc.o
ADC_DMARequestAfterLastTransferCmd                Libraries\STM32F4xx_StdPeriph_Driver\src\stm32f4xx_adc.o
ADC_DeInit                                        Libraries\STM32F4xx_StdPeriph_Driver\src\stm32f4xx_adc.o
ADC_DiscModeChannelCountConfig                    Libraries\STM32F4xx_StdPeriph_Driver\src\stm32f4xx_adc.o
ADC_DiscModeCmd                                   Libraries\STM32F4xx_StdPeriph_Driver\src\stm32f4xx_adc.o
                                                  src\main.o
ADC_EOCOnEachRegularChannelCmd                    Libraries\STM32F4xx_StdPeriph_Driver\src\stm32f4xx_adc.o
ADC_ExternalTrigInjectedConvConfig                Libraries\STM32F4xx_StdPeriph_Driver\src\stm32f4xx_adc.o
ADC_ExternalTrigInjectedConvEdgeConfig            Libraries\STM32F4xx_StdPeriph_Driver\src\stm32f4xx_adc.o
ADC_GetConversionValue                            Libraries\STM32F4xx_StdPeriph_Driver\src\stm32f4xx_adc.o
ADC_GetFlagStatus                                 Libraries\STM32F4xx_StdPeriph_Driver\src\stm32f4xx_adc.o
ADC_GetITStatus                                   Libraries\STM32F4xx_StdPeriph_Driver\src\stm32f4xx_adc.o
ADC_GetInjectedConversionValue                    Libraries\STM32F4xx_StdPeriph_Driver\src\stm32f4xx_adc.o
ADC_GetMultiModeConversionValue                   Libraries\STM32F4xx_StdPeriph_Driver\src\stm32f4xx_adc.o
ADC_GetSoftwareStartConvStatus                    Libraries\STM32F4xx_StdPeriph_Driver\src\stm32f4xx_adc.o
ADC_GetSoftwareStartInjectedConvCmdStatus         Libraries\STM32F4xx_StdPeriph_Driver\src\stm32f4xx_adc.o
ADC_IRQHandler                                    src\startup_stm32f429x.o
ADC_ITConfig                                      Libraries\STM32F4xx_StdPeriph_Driver\src\stm32f4xx_adc.o
ADC_Init                                          Libraries\STM32F4xx_StdPeriph_Driver\src\stm32f4xx_adc.o
                                                  src\main.o
ADC_InjectedChannelConfig                         Libraries\STM32F4xx_StdPeriph_Driver\src\stm32f4xx_adc.o
ADC_InjectedDiscModeCmd                           Libraries\STM32F4xx_StdPeriph_Driver\src\stm32f4xx_adc.o
ADC_InjectedSequencerLengthConfig                 Libraries\STM32F4xx_StdPeriph_Driver\src\stm32f4xx_adc.o
ADC_MultiModeDMARequestAfterLastTransferCmd       Libraries\STM32F4xx_StdPeriph_Driver\src\stm32f4xx_adc.o
ADC_RegularChannelConfig                          Libraries\STM32F4xx_StdPeriph_Driver\src\stm32f4xx_adc.o
                                                  src\main.o
ADC_SetInjectedOffset                             Libraries\STM32F4xx_StdPeriph_Driver\src\stm32f4xx_adc.o
ADC_SoftwareStartConv                             Libraries\STM32F4xx_StdPeriph_Driver\src\stm32f4xx_adc.o
ADC_SoftwareStartInjectedConv                     Libraries\STM32F4xx_StdPeriph_Driver\src\stm32f4xx_adc.o
ADC_StructInit                                    Libraries\STM32F4xx_StdPeriph_Driver\src\stm32f4xx_adc.o
ADC_TempSensorVrefintCmd                          Libraries\STM32F4xx_StdPeriph_Driver\src\stm32f4xx_adc.o
ADC_VBATCmd                                       Libraries\STM32F4xx_StdPeriph_Driver\src\stm32f4xx_adc.o
AHBPrescTable                                     src\system_stm32f4xx.o
ASCII12x12_Table                                  Utilities\Common\fonts.o
ASCII16x24_Table                                  Utilities\Common\fonts.o
ASCII8x12_Table                                   Utilities\Common\fonts.o
ASCII8x8_Table                                    Utilities\Common\fonts.o
BUTTON_CLK                                        Utilities\STM32F429I-Discovery\stm32f429i_discovery.o
BUTTON_EXTI_LINE                                  Utilities\STM32F429I-Discovery\stm32f429i_discovery.o
BUTTON_IRQn                                       Utilities\STM32F429I-Discovery\stm32f429i_discovery.o
BUTTON_PIN                                        Utilities\STM32F429I-Discovery\stm32f429i_discovery.o
BUTTON_PIN_SOURCE                                 Utilities\STM32F429I-Discovery\stm32f429i_discovery.o
BUTTON_PORT                                       Utilities\STM32F429I-Discovery\stm32f429i_discovery.o
BUTTON_PORT_SOURCE                                Utilities\STM32F429I-Discovery\stm32f429i_discovery.o
BusFault_Handler                                  src\stm32f4xx_it.o
                                                  src\startup_stm32f429x.o
CAN1_RX0_IRQHandler                               src\startup_stm32f429x.o
CAN1_RX1_IRQHandler                               src\startup_stm32f429x.o
CAN1_SCE_IRQHandler                               src\startup_stm32f429x.o
CAN1_TX_IRQHandler                                src\startup_stm32f429x.o
CAN2_RX0_IRQHandler                               src\startup_stm32f429x.o
CAN2_RX1_IRQHandler                               src\startup_stm32f429x.o
CAN2_SCE_IRQHandler                               src\startup_stm32f429x.o
CAN2_TX_IRQHandler                                src\startup_stm32f429x.o
CAN_CancelTransmit                                Libraries\STM32F4xx_StdPeriph_Driver\src\stm32f4xx_can.o
CAN_ClearFlag                                     Libraries\STM32F4xx_StdPeriph_Driver\src\stm32f4xx_can.o
CAN_ClearITPendingBit                             Libraries\STM32F4xx_StdPeriph_Driver\src\stm32f4xx_can.o
CAN_DBGFreeze                                     Libraries\STM32F4xx_StdPeriph_Driver\src\stm32f4xx_can.o
CAN_DeInit                                        Libraries\STM32F4xx_StdPeriph_Driver\src\stm32f4xx_can.o
CAN_FIFORelease                                   Libraries\STM32F4xx_StdPeriph_Driver\src\stm32f4xx_can.o
CAN_FilterInit                                    Libraries\STM32F4xx_StdPeriph_Driver\src\stm32f4xx_can.o
CAN_GetFlagStatus                                 Libraries\STM32F4xx_StdPeriph_Driver\src\stm32f4xx_can.o
CAN_GetITStatus                                   Libraries\STM32F4xx_StdPeriph_Driver\src\stm32f4xx_can.o
CAN_GetLSBTransmitErrorCounter                    Libraries\STM32F4xx_StdPeriph_Driver\src\stm32f4xx_can.o
CAN_GetLastErrorCode                              Libraries\STM32F4xx_StdPeriph_Driver\src\stm32f4xx_can.o
CAN_GetReceiveErrorCounter                        Libraries\STM32F4xx_StdPeriph_Driver\src\stm32f4xx_can.o
CAN_ITConfig                                      Libraries\STM32F4xx_StdPeriph_Driver\src\stm32f4xx_can.o
CAN_Init                                          Libraries\STM32F4xx_StdPeriph_Driver\src\stm32f4xx_can.o
CAN_MessagePending                                Libraries\STM32F4xx_StdPeriph_Driver\src\stm32f4xx_can.o
CAN_OperatingModeRequest                          Libraries\STM32F4xx_StdPeriph_Driver\src\stm32f4xx_can.o
CAN_Receive                                       Libraries\STM32F4xx_StdPeriph_Driver\src\stm32f4xx_can.o
CAN_SlaveStartBank                                Libraries\STM32F4xx_StdPeriph_Driver\src\stm32f4xx_can.o
CAN_Sleep                                         Libraries\STM32F4xx_StdPeriph_Driver\src\stm32f4xx_can.o
CAN_StructInit                                    Libraries\STM32F4xx_StdPeriph_Driver\src\stm32f4xx_can.o
CAN_TTComModeCmd                                  Libraries\STM32F4xx_StdPeriph_Driver\src\stm32f4xx_can.o
CAN_Transmit                                      Libraries\STM32F4xx_StdPeriph_Driver\src\stm32f4xx_can.o
CAN_TransmitStatus                                Libraries\STM32F4xx_StdPeriph_Driver\src\stm32f4xx_can.o
CAN_WakeUp                                        Libraries\STM32F4xx_StdPeriph_Driver\src\stm32f4xx_can.o
CRC_CalcBlockCRC                                  Libraries\STM32F4xx_StdPeriph_Driver\src\stm32f4xx_crc.o
CRC_CalcCRC                                       Libraries\STM32F4xx_StdPeriph_Driver\src\stm32f4xx_crc.o
CRC_GetCRC                                        Libraries\STM32F4xx_StdPeriph_Driver\src\stm32f4xx_crc.o
CRC_GetIDRegister                                 Libraries\STM32F4xx_StdPeriph_Driver\src\stm32f4xx_crc.o
CRC_ResetDR                                       Libraries\STM32F4xx_StdPeriph_Driver\src\stm32f4xx_crc.o
CRC_SetIDRegister                                 Libraries\STM32F4xx_StdPeriph_Driver\src\stm32f4xx_crc.o
CRYP_AES_CBC                                      Libraries\STM32F4xx_StdPeriph_Driver\src\stm32f4xx_cryp_aes.o
CRYP_AES_CCM                                      Libraries\STM32F4xx_StdPeriph_Driver\src\stm32f4xx_cryp_aes.o
CRYP_AES_CTR                                      Libraries\STM32F4xx_StdPeriph_Driver\src\stm32f4xx_cryp_aes.o
CRYP_AES_ECB                                      Libraries\STM32F4xx_StdPeriph_Driver\src\stm32f4xx_cryp_aes.o
CRYP_AES_GCM                                      Libraries\STM32F4xx_StdPeriph_Driver\src\stm32f4xx_cryp_aes.o
CRYP_Cmd                                          Libraries\STM32F4xx_StdPeriph_Driver\src\stm32f4xx_cryp.o
                                                  Libraries\STM32F4xx_StdPeriph_Driver\src\stm32f4xx_cryp_tdes.o
                                                  Libraries\STM32F4xx_StdPeriph_Driver\src\stm32f4xx_cryp_des.o
                                                  Libraries\STM32F4xx_StdPeriph_Driver\src\stm32f4xx_cryp_aes.o
CRYP_DES_CBC                                      Libraries\STM32F4xx_StdPeriph_Driver\src\stm32f4xx_cryp_des.o
CRYP_DES_ECB                                      Libraries\STM32F4xx_StdPeriph_Driver\src\stm32f4xx_cryp_des.o
CRYP_DMACmd                                       Libraries\STM32F4xx_StdPeriph_Driver\src\stm32f4xx_cryp.o
CRYP_DataIn                                       Libraries\STM32F4xx_StdPeriph_Driver\src\stm32f4xx_cryp.o
                                                  Libraries\STM32F4xx_StdPeriph_Driver\src\stm32f4xx_cryp_tdes.o
                                                  Libraries\STM32F4xx_StdPeriph_Driver\src\stm32f4xx_cryp_des.o
                                                  Libraries\STM32F4xx_StdPeriph_Driver\src\stm32f4xx_cryp_aes.o
CRYP_DataOut                                      Libraries\STM32F4xx_StdPeriph_Driver\src\stm32f4xx_cryp.o
                                                  Libraries\STM32F4xx_StdPeriph_Driver\src\stm32f4xx_cryp_tdes.o
                                                  Libraries\STM32F4xx_StdPeriph_Driver\src\stm32f4xx_cryp_des.o
                                                  Libraries\STM32F4xx_StdPeriph_Driver\src\stm32f4xx_cryp_aes.o
CRYP_DeInit                                       Libraries\STM32F4xx_StdPeriph_Driver\src\stm32f4xx_cryp.o
CRYP_FIFOFlush                                    Libraries\STM32F4xx_StdPeriph_Driver\src\stm32f4xx_cryp.o
                                                  Libraries\STM32F4xx_StdPeriph_Driver\src\stm32f4xx_cryp_tdes.o
                                                  Libraries\STM32F4xx_StdPeriph_Driver\src\stm32f4xx_cryp_des.o
                                                  Libraries\STM32F4xx_StdPeriph_Driver\src\stm32f4xx_cryp_aes.o
CRYP_GetCmdStatus                                 Libraries\STM32F4xx_StdPeriph_Driver\src\stm32f4xx_cryp.o
                                                  Libraries\STM32F4xx_StdPeriph_Driver\src\stm32f4xx_cryp_tdes.o
                                                  Libraries\STM32F4xx_StdPeriph_Driver\src\stm32f4xx_cryp_des.o
                                                  Libraries\STM32F4xx_StdPeriph_Driver\src\stm32f4xx_cryp_aes.o
CRYP_GetFlagStatus                                Libraries\STM32F4xx_StdPeriph_Driver\src\stm32f4xx_cryp.o
                                                  Libraries\STM32F4xx_StdPeriph_Driver\src\stm32f4xx_cryp_tdes.o
                                                  Libraries\STM32F4xx_StdPeriph_Driver\src\stm32f4xx_cryp_des.o
                                                  Libraries\STM32F4xx_StdPeriph_Driver\src\stm32f4xx_cryp_aes.o
CRYP_GetITStatus                                  Libraries\STM32F4xx_StdPeriph_Driver\src\stm32f4xx_cryp.o
CRYP_IRQHandler                                   src\startup_stm32f429x.o
CRYP_ITConfig                                     Libraries\STM32F4xx_StdPeriph_Driver\src\stm32f4xx_cryp.o
CRYP_IVInit                                       Libraries\STM32F4xx_StdPeriph_Driver\src\stm32f4xx_cryp.o
                                                  Libraries\STM32F4xx_StdPeriph_Driver\src\stm32f4xx_cryp_tdes.o
                                                  Libraries\STM32F4xx_StdPeriph_Driver\src\stm32f4xx_cryp_des.o
                                                  Libraries\STM32F4xx_StdPeriph_Driver\src\stm32f4xx_cryp_aes.o
CRYP_IVStructInit                                 Libraries\STM32F4xx_StdPeriph_Driver\src\stm32f4xx_cryp.o
CRYP_Init                                         Libraries\STM32F4xx_StdPeriph_Driver\src\stm32f4xx_cryp.o
                                                  Libraries\STM32F4xx_StdPeriph_Driver\src\stm32f4xx_cryp_tdes.o
                                                  Libraries\STM32F4xx_StdPeriph_Driver\src\stm32f4xx_cryp_des.o
                                                  Libraries\STM32F4xx_StdPeriph_Driver\src\stm32f4xx_cryp_aes.o
CRYP_KeyInit                                      Libraries\STM32F4xx_StdPeriph_Driver\src\stm32f4xx_cryp.o
                                                  Libraries\STM32F4xx_StdPeriph_Driver\src\stm32f4xx_cryp_tdes.o
                                                  Libraries\STM32F4xx_StdPeriph_Driver\src\stm32f4xx_cryp_des.o
                                                  Libraries\STM32F4xx_StdPeriph_Driver\src\stm32f4xx_cryp_aes.o
CRYP_KeyStructInit                                Libraries\STM32F4xx_StdPeriph_Driver\src\stm32f4xx_cryp.o
                                                  Libraries\STM32F4xx_StdPeriph_Driver\src\stm32f4xx_cryp_tdes.o
                                                  Libraries\STM32F4xx_StdPeriph_Driver\src\stm32f4xx_cryp_des.o
                                                  Libraries\STM32F4xx_StdPeriph_Driver\src\stm32f4xx_cryp_aes.o
CRYP_PhaseConfig                                  Libraries\STM32F4xx_StdPeriph_Driver\src\stm32f4xx_cryp.o
                                                  Libraries\STM32F4xx_StdPeriph_Driver\src\stm32f4xx_cryp_aes.o
CRYP_RestoreContext                               Libraries\STM32F4xx_StdPeriph_Driver\src\stm32f4xx_cryp.o
CRYP_SaveContext                                  Libraries\STM32F4xx_StdPeriph_Driver\src\stm32f4xx_cryp.o
CRYP_StructInit                                   Libraries\STM32F4xx_StdPeriph_Driver\src\stm32f4xx_cryp.o
CRYP_TDES_CBC                                     Libraries\STM32F4xx_StdPeriph_Driver\src\stm32f4xx_cryp_tdes.o
CRYP_TDES_ECB                                     Libraries\STM32F4xx_StdPeriph_Driver\src\stm32f4xx_cryp_tdes.o
DAC_ClearFlag                                     Libraries\STM32F4xx_StdPeriph_Driver\src\stm32f4xx_dac.o
DAC_ClearITPendingBit                             Libraries\STM32F4xx_StdPeriph_Driver\src\stm32f4xx_dac.o
DAC_Cmd                                           Libraries\STM32F4xx_StdPeriph_Driver\src\stm32f4xx_dac.o
DAC_DMACmd                                        Libraries\STM32F4xx_StdPeriph_Driver\src\stm32f4xx_dac.o
DAC_DeInit                                        Libraries\STM32F4xx_StdPeriph_Driver\src\stm32f4xx_dac.o
DAC_DualSoftwareTriggerCmd                        Libraries\STM32F4xx_StdPeriph_Driver\src\stm32f4xx_dac.o
DAC_GetDataOutputValue                            Libraries\STM32F4xx_StdPeriph_Driver\src\stm32f4xx_dac.o
DAC_GetFlagStatus                                 Libraries\STM32F4xx_StdPeriph_Driver\src\stm32f4xx_dac.o
DAC_GetITStatus                                   Libraries\STM32F4xx_StdPeriph_Driver\src\stm32f4xx_dac.o
DAC_ITConfig                                      Libraries\STM32F4xx_StdPeriph_Driver\src\stm32f4xx_dac.o
DAC_Init                                          Libraries\STM32F4xx_StdPeriph_Driver\src\stm32f4xx_dac.o
DAC_SetChannel1Data                               Libraries\STM32F4xx_StdPeriph_Driver\src\stm32f4xx_dac.o
DAC_SetChannel2Data                               Libraries\STM32F4xx_StdPeriph_Driver\src\stm32f4xx_dac.o
DAC_SetDualChannelData                            Libraries\STM32F4xx_StdPeriph_Driver\src\stm32f4xx_dac.o
DAC_SoftwareTriggerCmd                            Libraries\STM32F4xx_StdPeriph_Driver\src\stm32f4xx_dac.o
DAC_StructInit                                    Libraries\STM32F4xx_StdPeriph_Driver\src\stm32f4xx_dac.o
DAC_WaveGenerationCmd                             Libraries\STM32F4xx_StdPeriph_Driver\src\stm32f4xx_dac.o
DBGMCU_APB1PeriphConfig                           Libraries\STM32F4xx_StdPeriph_Driver\src\stm32f4xx_dbgmcu.o
DBGMCU_APB2PeriphConfig                           Libraries\STM32F4xx_StdPeriph_Driver\src\stm32f4xx_dbgmcu.o
DBGMCU_Config                                     Libraries\STM32F4xx_StdPeriph_Driver\src\stm32f4xx_dbgmcu.o
DBGMCU_GetDEVID                                   Libraries\STM32F4xx_StdPeriph_Driver\src\stm32f4xx_dbgmcu.o
DBGMCU_GetREVID                                   Libraries\STM32F4xx_StdPeriph_Driver\src\stm32f4xx_dbgmcu.o
DCMI_CROPCmd                                      Libraries\STM32F4xx_StdPeriph_Driver\src\stm32f4xx_dcmi.o
DCMI_CROPConfig                                   Libraries\STM32F4xx_StdPeriph_Driver\src\stm32f4xx_dcmi.o
DCMI_CaptureCmd                                   Libraries\STM32F4xx_StdPeriph_Driver\src\stm32f4xx_dcmi.o
DCMI_ClearFlag                                    Libraries\STM32F4xx_StdPeriph_Driver\src\stm32f4xx_dcmi.o
DCMI_ClearITPendingBit                            Libraries\STM32F4xx_StdPeriph_Driver\src\stm32f4xx_dcmi.o
DCMI_Cmd                                          Libraries\STM32F4xx_StdPeriph_Driver\src\stm32f4xx_dcmi.o
DCMI_DeInit                                       Libraries\STM32F4xx_StdPeriph_Driver\src\stm32f4xx_dcmi.o
DCMI_GetFlagStatus                                Libraries\STM32F4xx_StdPeriph_Driver\src\stm32f4xx_dcmi.o
DCMI_GetITStatus                                  Libraries\STM32F4xx_StdPeriph_Driver\src\stm32f4xx_dcmi.o
DCMI_IRQHandler                                   src\startup_stm32f429x.o
DCMI_ITConfig                                     Libraries\STM32F4xx_StdPeriph_Driver\src\stm32f4xx_dcmi.o
DCMI_Init                                         Libraries\STM32F4xx_StdPeriph_Driver\src\stm32f4xx_dcmi.o
DCMI_JPEGCmd                                      Libraries\STM32F4xx_StdPeriph_Driver\src\stm32f4xx_dcmi.o
DCMI_ReadData                                     Libraries\STM32F4xx_StdPeriph_Driver\src\stm32f4xx_dcmi.o
DCMI_SetEmbeddedSynchroCodes                      Libraries\STM32F4xx_StdPeriph_Driver\src\stm32f4xx_dcmi.o
DCMI_StructInit                                   Libraries\STM32F4xx_StdPeriph_Driver\src\stm32f4xx_dcmi.o
DMA1_Stream0_IRQHandler                           src\startup_stm32f429x.o
DMA1_Stream1_IRQHandler                           src\startup_stm32f429x.o
DMA1_Stream2_IRQHandler                           Utilities\STM32F429I-Discovery\stm32f429i_discovery_i2c_ee.o
DMA1_Stream3_IRQHandler                           src\startup_stm32f429x.o
DMA1_Stream4_IRQHandler                           Utilities\STM32F429I-Discovery\stm32f429i_discovery_i2c_ee.o
DMA1_Stream5_IRQHandler                           src\startup_stm32f429x.o
DMA1_Stream6_IRQHandler                           src\startup_stm32f429x.o
DMA1_Stream7_IRQHandler                           src\startup_stm32f429x.o
DMA2D_AbortTransfer                               Libraries\STM32F4xx_StdPeriph_Driver\src\stm32f4xx_dma2d.o
DMA2D_BGConfig                                    Libraries\STM32F4xx_StdPeriph_Driver\src\stm32f4xx_dma2d.o
DMA2D_BGStart                                     Libraries\STM32F4xx_StdPeriph_Driver\src\stm32f4xx_dma2d.o
DMA2D_BG_StructInit                               Libraries\STM32F4xx_StdPeriph_Driver\src\stm32f4xx_dma2d.o
DMA2D_ClearFlag                                   Libraries\STM32F4xx_StdPeriph_Driver\src\stm32f4xx_dma2d.o
DMA2D_ClearITPendingBit                           Libraries\STM32F4xx_StdPeriph_Driver\src\stm32f4xx_dma2d.o
DMA2D_DeInit                                      Libraries\STM32F4xx_StdPeriph_Driver\src\stm32f4xx_dma2d.o
                                                  Utilities\STM32F429I-Discovery\stm32f429i_discovery_lcd.o
DMA2D_DeadTimeConfig                              Libraries\STM32F4xx_StdPeriph_Driver\src\stm32f4xx_dma2d.o
DMA2D_FGConfig                                    Libraries\STM32F4xx_StdPeriph_Driver\src\stm32f4xx_dma2d.o
DMA2D_FGStart                                     Libraries\STM32F4xx_StdPeriph_Driver\src\stm32f4xx_dma2d.o
DMA2D_FG_StructInit                               Libraries\STM32F4xx_StdPeriph_Driver\src\stm32f4xx_dma2d.o
DMA2D_GetFlagStatus                               Libraries\STM32F4xx_StdPeriph_Driver\src\stm32f4xx_dma2d.o
                                                  Utilities\STM32F429I-Discovery\stm32f429i_discovery_lcd.o
DMA2D_GetITStatus                                 Libraries\STM32F4xx_StdPeriph_Driver\src\stm32f4xx_dma2d.o
DMA2D_IRQHandler                                  src\startup_stm32f429x.o
DMA2D_ITConfig                                    Libraries\STM32F4xx_StdPeriph_Driver\src\stm32f4xx_dma2d.o
DMA2D_Init                                        Libraries\STM32F4xx_StdPeriph_Driver\src\stm32f4xx_dma2d.o
                                                  Utilities\STM32F429I-Discovery\stm32f429i_discovery_lcd.o
DMA2D_LineWatermarkConfig                         Libraries\STM32F4xx_StdPeriph_Driver\src\stm32f4xx_dma2d.o
DMA2D_StartTransfer                               Libraries\STM32F4xx_StdPeriph_Driver\src\stm32f4xx_dma2d.o
                                                  Utilities\STM32F429I-Discovery\stm32f429i_discovery_lcd.o
DMA2D_StructInit                                  Libraries\STM32F4xx_StdPeriph_Driver\src\stm32f4xx_dma2d.o
DMA2D_Suspend                                     Libraries\STM32F4xx_StdPeriph_Driver\src\stm32f4xx_dma2d.o
DMA2_Stream0_IRQHandler                           src\startup_stm32f429x.o
DMA2_Stream1_IRQHandler                           src\startup_stm32f429x.o
DMA2_Stream2_IRQHandler                           src\startup_stm32f429x.o
DMA2_Stream3_IRQHandler                           src\startup_stm32f429x.o
DMA2_Stream4_IRQHandler                           src\startup_stm32f429x.o
DMA2_Stream5_IRQHandler                           src\startup_stm32f429x.o
DMA2_Stream6_IRQHandler                           src\startup_stm32f429x.o
DMA2_Stream7_IRQHandler                           src\startup_stm32f429x.o
DMA_ClearFlag                                     Libraries\STM32F4xx_StdPeriph_Driver\src\stm32f4xx_dma.o
                                                  Utilities\STM32F429I-Discovery\stm32f429i_discovery_ioe.o
                                                  Utilities\STM32F429I-Discovery\stm32f429i_discovery_i2c_ee.o
                                                  Utilities\STM32F429I-Discovery\stm32f429i_discovery.o
DMA_ClearITPendingBit                             Libraries\STM32F4xx_StdPeriph_Driver\src\stm32f4xx_dma.o
DMA_Cmd                                           Libraries\STM32F4xx_StdPeriph_Driver\src\stm32f4xx_dma.o
                                                  Utilities\STM32F429I-Discovery\stm32f429i_discovery_ioe.o
                                                  Utilities\STM32F429I-Discovery\stm32f429i_discovery_i2c_ee.o
                                                  Utilities\STM32F429I-Discovery\stm32f429i_discovery.o
DMA_DeInit                                        Libraries\STM32F4xx_StdPeriph_Driver\src\stm32f4xx_dma.o
                                                  Utilities\STM32F429I-Discovery\stm32f429i_discovery_ioe.o
                                                  Utilities\STM32F429I-Discovery\stm32f429i_discovery.o
DMA_DoubleBufferModeCmd                           Libraries\STM32F4xx_StdPeriph_Driver\src\stm32f4xx_dma.o
DMA_DoubleBufferModeConfig                        Libraries\STM32F4xx_StdPeriph_Driver\src\stm32f4xx_dma.o
DMA_FlowControllerConfig                          Libraries\STM32F4xx_StdPeriph_Driver\src\stm32f4xx_dma.o
DMA_GetCmdStatus                                  Libraries\STM32F4xx_StdPeriph_Driver\src\stm32f4xx_dma.o
DMA_GetCurrDataCounter                            Libraries\STM32F4xx_StdPeriph_Driver\src\stm32f4xx_dma.o
DMA_GetCurrentMemoryTarget                        Libraries\STM32F4xx_StdPeriph_Driver\src\stm32f4xx_dma.o
DMA_GetFIFOStatus                                 Libraries\STM32F4xx_StdPeriph_Driver\src\stm32f4xx_dma.o
DMA_GetFlagStatus                                 Libraries\STM32F4xx_StdPeriph_Driver\src\stm32f4xx_dma.o
                                                  Utilities\STM32F429I-Discovery\stm32f429i_discovery_ioe.o
                                                  Utilities\STM32F429I-Discovery\stm32f429i_discovery_i2c_ee.o
DMA_GetITStatus                                   Libraries\STM32F4xx_StdPeriph_Driver\src\stm32f4xx_dma.o
DMA_ITConfig                                      Libraries\STM32F4xx_StdPeriph_Driver\src\stm32f4xx_dma.o
                                                  Utilities\STM32F429I-Discovery\stm32f429i_discovery.o
DMA_Init                                          Libraries\STM32F4xx_StdPeriph_Driver\src\stm32f4xx_dma.o
                                                  Utilities\STM32F429I-Discovery\stm32f429i_discovery_ioe.o
                                                  Utilities\STM32F429I-Discovery\stm32f429i_discovery.o
DMA_MemoryTargetConfig                            Libraries\STM32F4xx_StdPeriph_Driver\src\stm32f4xx_dma.o
DMA_PeriphIncOffsetSizeConfig                     Libraries\STM32F4xx_StdPeriph_Driver\src\stm32f4xx_dma.o
DMA_SetCurrDataCounter                            Libraries\STM32F4xx_StdPeriph_Driver\src\stm32f4xx_dma.o
DMA_StructInit                                    Libraries\STM32F4xx_StdPeriph_Driver\src\stm32f4xx_dma.o
DebugMon_Handler                                  src\stm32f4xx_it.o
                                                  src\startup_stm32f429x.o
Default_Handler                                   src\startup_stm32f429x.o
ETH_IRQHandler                                    src\startup_stm32f429x.o
ETH_WKUP_IRQHandler                               src\startup_stm32f429x.o
EXTI0_IRQHandler                                  src\startup_stm32f429x.o
EXTI15_10_IRQHandler                              src\startup_stm32f429x.o
EXTI1_IRQHandler                                  src\startup_stm32f429x.o
EXTI2_IRQHandler                                  src\startup_stm32f429x.o
EXTI3_IRQHandler                                  src\startup_stm32f429x.o
EXTI4_IRQHandler                                  src\startup_stm32f429x.o
EXTI9_5_IRQHandler                                src\startup_stm32f429x.o
EXTI_ClearFlag                                    Libraries\STM32F4xx_StdPeriph_Driver\src\stm32f4xx_exti.o
EXTI_ClearITPendingBit                            Libraries\STM32F4xx_StdPeriph_Driver\src\stm32f4xx_exti.o
EXTI_DeInit                                       Libraries\STM32F4xx_StdPeriph_Driver\src\stm32f4xx_exti.o
EXTI_GenerateSWInterrupt                          Libraries\STM32F4xx_StdPeriph_Driver\src\stm32f4xx_exti.o
EXTI_GetFlagStatus                                Libraries\STM32F4xx_StdPeriph_Driver\src\stm32f4xx_exti.o
EXTI_GetITStatus                                  Libraries\STM32F4xx_StdPeriph_Driver\src\stm32f4xx_exti.o
EXTI_Init                                         Libraries\STM32F4xx_StdPeriph_Driver\src\stm32f4xx_exti.o
                                                  Utilities\STM32F429I-Discovery\stm32f429i_discovery.o
EXTI_StructInit                                   Libraries\STM32F4xx_StdPeriph_Driver\src\stm32f4xx_exti.o
FLASH_ClearFlag                                   Libraries\STM32F4xx_StdPeriph_Driver\src\stm32f4xx_flash.o
FLASH_DataCacheCmd                                Libraries\STM32F4xx_StdPeriph_Driver\src\stm32f4xx_flash.o
FLASH_DataCacheReset                              Libraries\STM32F4xx_StdPeriph_Driver\src\stm32f4xx_flash.o
FLASH_EraseAllBank1Sectors                        Libraries\STM32F4xx_StdPeriph_Driver\src\stm32f4xx_flash.o
FLASH_EraseAllBank2Sectors                        Libraries\STM32F4xx_StdPeriph_Driver\src\stm32f4xx_flash.o
FLASH_EraseAllSectors                             Libraries\STM32F4xx_StdPeriph_Driver\src\stm32f4xx_flash.o
FLASH_EraseSector                                 Libraries\STM32F4xx_StdPeriph_Driver\src\stm32f4xx_flash.o
FLASH_GetFlagStatus                               Libraries\STM32F4xx_StdPeriph_Driver\src\stm32f4xx_flash.o
FLASH_GetStatus                                   Libraries\STM32F4xx_StdPeriph_Driver\src\stm32f4xx_flash.o
FLASH_IRQHandler                                  src\startup_stm32f429x.o
FLASH_ITConfig                                    Libraries\STM32F4xx_StdPeriph_Driver\src\stm32f4xx_flash.o
FLASH_InstructionCacheCmd                         Libraries\STM32F4xx_StdPeriph_Driver\src\stm32f4xx_flash.o
FLASH_InstructionCacheReset                       Libraries\STM32F4xx_StdPeriph_Driver\src\stm32f4xx_flash.o
FLASH_Lock                                        Libraries\STM32F4xx_StdPeriph_Driver\src\stm32f4xx_flash.o
FLASH_OB_BORConfig                                Libraries\STM32F4xx_StdPeriph_Driver\src\stm32f4xx_flash.o
FLASH_OB_BootConfig                               Libraries\STM32F4xx_StdPeriph_Driver\src\stm32f4xx_flash.o
FLASH_OB_GetBOR                                   Libraries\STM32F4xx_StdPeriph_Driver\src\stm32f4xx_flash.o
FLASH_OB_GetPCROP                                 Libraries\STM32F4xx_StdPeriph_Driver\src\stm32f4xx_flash.o
FLASH_OB_GetPCROP1                                Libraries\STM32F4xx_StdPeriph_Driver\src\stm32f4xx_flash.o
FLASH_OB_GetRDP                                   Libraries\STM32F4xx_StdPeriph_Driver\src\stm32f4xx_flash.o
FLASH_OB_GetUser                                  Libraries\STM32F4xx_StdPeriph_Driver\src\stm32f4xx_flash.o
FLASH_OB_GetWRP                                   Libraries\STM32F4xx_StdPeriph_Driver\src\stm32f4xx_flash.o
FLASH_OB_GetWRP1                                  Libraries\STM32F4xx_StdPeriph_Driver\src\stm32f4xx_flash.o
FLASH_OB_Launch                                   Libraries\STM32F4xx_StdPeriph_Driver\src\stm32f4xx_flash.o
FLASH_OB_Lock                                     Libraries\STM32F4xx_StdPeriph_Driver\src\stm32f4xx_flash.o
FLASH_OB_PCROP1Config                             Libraries\STM32F4xx_StdPeriph_Driver\src\stm32f4xx_flash.o
FLASH_OB_PCROPConfig                              Libraries\STM32F4xx_StdPeriph_Driver\src\stm32f4xx_flash.o
FLASH_OB_PCROPSelectionConfig                     Libraries\STM32F4xx_StdPeriph_Driver\src\stm32f4xx_flash.o
FLASH_OB_RDPConfig                                Libraries\STM32F4xx_StdPeriph_Driver\src\stm32f4xx_flash.o
FLASH_OB_Unlock                                   Libraries\STM32F4xx_StdPeriph_Driver\src\stm32f4xx_flash.o
FLASH_OB_UserConfig                               Libraries\STM32F4xx_StdPeriph_Driver\src\stm32f4xx_flash.o
FLASH_OB_WRP1Config                               Libraries\STM32F4xx_StdPeriph_Driver\src\stm32f4xx_flash.o
FLASH_OB_WRPConfig                                Libraries\STM32F4xx_StdPeriph_Driver\src\stm32f4xx_flash.o
FLASH_PrefetchBufferCmd                           Libraries\STM32F4xx_StdPeriph_Driver\src\stm32f4xx_flash.o
FLASH_ProgramByte                                 Libraries\STM32F4xx_StdPeriph_Driver\src\stm32f4xx_flash.o
FLASH_ProgramDoubleWord                           Libraries\STM32F4xx_StdPeriph_Driver\src\stm32f4xx_flash.o
FLASH_ProgramHalfWord                             Libraries\STM32F4xx_StdPeriph_Driver\src\stm32f4xx_flash.o
FLASH_ProgramWord                                 Libraries\STM32F4xx_StdPeriph_Driver\src\stm32f4xx_flash.o
FLASH_SetLatency                                  Libraries\STM32F4xx_StdPeriph_Driver\src\stm32f4xx_flash.o
FLASH_Unlock                                      Libraries\STM32F4xx_StdPeriph_Driver\src\stm32f4xx_flash.o
FLASH_WaitForLastOperation                        Libraries\STM32F4xx_StdPeriph_Driver\src\stm32f4xx_flash.o
FMC_ClearFlag                                     Libraries\STM32F4xx_StdPeriph_Driver\src\stm32f4xx_fmc.o
FMC_ClearITPendingBit                             Libraries\STM32F4xx_StdPeriph_Driver\src\stm32f4xx_fmc.o
FMC_GetECC                                        Libraries\STM32F4xx_StdPeriph_Driver\src\stm32f4xx_fmc.o
FMC_GetFlagStatus                                 Libraries\STM32F4xx_StdPeriph_Driver\src\stm32f4xx_fmc.o
                                                  Utilities\STM32F429I-Discovery\stm32f429i_discovery_sdram.o
FMC_GetITStatus                                   Libraries\STM32F4xx_StdPeriph_Driver\src\stm32f4xx_fmc.o
FMC_GetModeStatus                                 Libraries\STM32F4xx_StdPeriph_Driver\src\stm32f4xx_fmc.o
FMC_IRQHandler                                    src\startup_stm32f429x.o
FMC_ITConfig                                      Libraries\STM32F4xx_StdPeriph_Driver\src\stm32f4xx_fmc.o
FMC_NANDCmd                                       Libraries\STM32F4xx_StdPeriph_Driver\src\stm32f4xx_fmc.o
FMC_NANDDeInit                                    Libraries\STM32F4xx_StdPeriph_Driver\src\stm32f4xx_fmc.o
FMC_NANDECCCmd                                    Libraries\STM32F4xx_StdPeriph_Driver\src\stm32f4xx_fmc.o
FMC_NANDInit                                      Libraries\STM32F4xx_StdPeriph_Driver\src\stm32f4xx_fmc.o
FMC_NANDStructInit                                Libraries\STM32F4xx_StdPeriph_Driver\src\stm32f4xx_fmc.o
FMC_NORSRAMCmd                                    Libraries\STM32F4xx_StdPeriph_Driver\src\stm32f4xx_fmc.o
FMC_NORSRAMDeInit                                 Libraries\STM32F4xx_StdPeriph_Driver\src\stm32f4xx_fmc.o
FMC_NORSRAMInit                                   Libraries\STM32F4xx_StdPeriph_Driver\src\stm32f4xx_fmc.o
FMC_NORSRAMStructInit                             Libraries\STM32F4xx_StdPeriph_Driver\src\stm32f4xx_fmc.o
FMC_PCCARDCmd                                     Libraries\STM32F4xx_StdPeriph_Driver\src\stm32f4xx_fmc.o
FMC_PCCARDDeInit                                  Libraries\STM32F4xx_StdPeriph_Driver\src\stm32f4xx_fmc.o
FMC_PCCARDInit                                    Libraries\STM32F4xx_StdPeriph_Driver\src\stm32f4xx_fmc.o
FMC_PCCARDStructInit                              Libraries\STM32F4xx_StdPeriph_Driver\src\stm32f4xx_fmc.o
FMC_SDRAMCmdConfig                                Libraries\STM32F4xx_StdPeriph_Driver\src\stm32f4xx_fmc.o
                                                  Utilities\STM32F429I-Discovery\stm32f429i_discovery_sdram.o
FMC_SDRAMDeInit                                   Libraries\STM32F4xx_StdPeriph_Driver\src\stm32f4xx_fmc.o
FMC_SDRAMInit                                     Libraries\STM32F4xx_StdPeriph_Driver\src\stm32f4xx_fmc.o
                                                  Utilities\STM32F429I-Discovery\stm32f429i_discovery_sdram.o
FMC_SDRAMStructInit                               Libraries\STM32F4xx_StdPeriph_Driver\src\stm32f4xx_fmc.o
FMC_SDRAMWriteProtectionConfig                    Libraries\STM32F4xx_StdPeriph_Driver\src\stm32f4xx_fmc.o
                                                  Utilities\STM32F429I-Discovery\stm32f429i_discovery_sdram.o
FMC_SetAutoRefresh_Number                         Libraries\STM32F4xx_StdPeriph_Driver\src\stm32f4xx_fmc.o
FMC_SetRefreshCount                               Libraries\STM32F4xx_StdPeriph_Driver\src\stm32f4xx_fmc.o
                                                  Utilities\STM32F429I-Discovery\stm32f429i_discovery_sdram.o
FPU_IRQHandler                                    src\startup_stm32f429x.o
Font12x12                                         Utilities\Common\fonts.o
                                                  Utilities\Common\lcd_log.o
Font16x24                                         Utilities\Common\fonts.o
                                                  Utilities\STM32F429I-Discovery\stm32f429i_discovery_lcd.o
Font8x12                                          Utilities\Common\fonts.o
                                                  Utilities\Common\lcd_log.o
Font8x8                                           Utilities\Common\fonts.o
GPIO_CLK                                          Utilities\STM32F429I-Discovery\stm32f429i_discovery.o
GPIO_DeInit                                       Libraries\STM32F4xx_StdPeriph_Driver\src\stm32f4xx_gpio.o
GPIO_Init                                         Libraries\STM32F4xx_StdPeriph_Driver\src\stm32f4xx_gpio.o
                                                  src\main.o
                                                  Utilities\STM32F429I-Discovery\stm32f429i_discovery_sdram.o
                                                  Utilities\STM32F429I-Discovery\stm32f429i_discovery_lcd.o
                                                  Utilities\STM32F429I-Discovery\stm32f429i_discovery_l3gd20.o
                                                  Utilities\STM32F429I-Discovery\stm32f429i_discovery_ioe.o
                                                  Utilities\STM32F429I-Discovery\stm32f429i_discovery.o
GPIO_PIN                                          Utilities\STM32F429I-Discovery\stm32f429i_discovery.o
GPIO_PORT                                         Utilities\STM32F429I-Discovery\stm32f429i_discovery.o
GPIO_PinAFConfig                                  Libraries\STM32F4xx_StdPeriph_Driver\src\stm32f4xx_gpio.o
                                                  src\main.o
                                                  Utilities\STM32F429I-Discovery\stm32f429i_discovery_sdram.o
                                                  Utilities\STM32F429I-Discovery\stm32f429i_discovery_lcd.o
                                                  Utilities\STM32F429I-Discovery\stm32f429i_discovery_l3gd20.o
                                                  Utilities\STM32F429I-Discovery\stm32f429i_discovery_ioe.o
                                                  Utilities\STM32F429I-Discovery\stm32f429i_discovery.o
GPIO_PinLockConfig                                Libraries\STM32F4xx_StdPeriph_Driver\src\stm32f4xx_gpio.o
GPIO_ReadInputData                                Libraries\STM32F4xx_StdPeriph_Driver\src\stm32f4xx_gpio.o
GPIO_ReadInputDataBit                             Libraries\STM32F4xx_StdPeriph_Driver\src\stm32f4xx_gpio.o
                                                  Utilities\STM32F429I-Discovery\stm32f429i_discovery.o
GPIO_ReadOutputData                               Libraries\STM32F4xx_StdPeriph_Driver\src\stm32f4xx_gpio.o
GPIO_ReadOutputDataBit                            Libraries\STM32F4xx_StdPeriph_Driver\src\stm32f4xx_gpio.o
GPIO_ResetBits                                    Libraries\STM32F4xx_StdPeriph_Driver\src\stm32f4xx_gpio.o
                                                  Utilities\STM32F429I-Discovery\stm32f429i_discovery_lcd.o
                                                  Utilities\STM32F429I-Discovery\stm32f429i_discovery_l3gd20.o
GPIO_SetBits                                      Libraries\STM32F4xx_StdPeriph_Driver\src\stm32f4xx_gpio.o
                                                  Utilities\STM32F429I-Discovery\stm32f429i_discovery_lcd.o
                                                  Utilities\STM32F429I-Discovery\stm32f429i_discovery_l3gd20.o
GPIO_StructInit                                   Libraries\STM32F4xx_StdPeriph_Driver\src\stm32f4xx_gpio.o
GPIO_ToggleBits                                   Libraries\STM32F4xx_StdPeriph_Driver\src\stm32f4xx_gpio.o
GPIO_Write                                        Libraries\STM32F4xx_StdPeriph_Driver\src\stm32f4xx_gpio.o
GPIO_WriteBit                                     Libraries\STM32F4xx_StdPeriph_Driver\src\stm32f4xx_gpio.o
                                                  Utilities\STM32F429I-Discovery\stm32f429i_discovery_lcd.o
HASH_AutoStartDigest                              Libraries\STM32F4xx_StdPeriph_Driver\src\stm32f4xx_hash.o
HASH_ClearFlag                                    Libraries\STM32F4xx_StdPeriph_Driver\src\stm32f4xx_hash.o
HASH_ClearITPendingBit                            Libraries\STM32F4xx_StdPeriph_Driver\src\stm32f4xx_hash.o
HASH_DMACmd                                       Libraries\STM32F4xx_StdPeriph_Driver\src\stm32f4xx_hash.o
HASH_DataIn                                       Libraries\STM32F4xx_StdPeriph_Driver\src\stm32f4xx_hash.o
                                                  Libraries\STM32F4xx_StdPeriph_Driver\src\stm32f4xx_hash_sha1.o
                                                  Libraries\STM32F4xx_StdPeriph_Driver\src\stm32f4xx_hash_md5.o
HASH_DeInit                                       Libraries\STM32F4xx_StdPeriph_Driver\src\stm32f4xx_hash.o
                                                  Libraries\STM32F4xx_StdPeriph_Driver\src\stm32f4xx_hash_sha1.o
                                                  Libraries\STM32F4xx_StdPeriph_Driver\src\stm32f4xx_hash_md5.o
HASH_GetDigest                                    Libraries\STM32F4xx_StdPeriph_Driver\src\stm32f4xx_hash.o
                                                  Libraries\STM32F4xx_StdPeriph_Driver\src\stm32f4xx_hash_sha1.o
                                                  Libraries\STM32F4xx_StdPeriph_Driver\src\stm32f4xx_hash_md5.o
HASH_GetFlagStatus                                Libraries\STM32F4xx_StdPeriph_Driver\src\stm32f4xx_hash.o
                                                  Libraries\STM32F4xx_StdPeriph_Driver\src\stm32f4xx_hash_sha1.o
                                                  Libraries\STM32F4xx_StdPeriph_Driver\src\stm32f4xx_hash_md5.o
HASH_GetITStatus                                  Libraries\STM32F4xx_StdPeriph_Driver\src\stm32f4xx_hash.o
HASH_GetInFIFOWordsNbr                            Libraries\STM32F4xx_StdPeriph_Driver\src\stm32f4xx_hash.o
HASH_ITConfig                                     Libraries\STM32F4xx_StdPeriph_Driver\src\stm32f4xx_hash.o
HASH_Init                                         Libraries\STM32F4xx_StdPeriph_Driver\src\stm32f4xx_hash.o
                                                  Libraries\STM32F4xx_StdPeriph_Driver\src\stm32f4xx_hash_sha1.o
                                                  Libraries\STM32F4xx_StdPeriph_Driver\src\stm32f4xx_hash_md5.o
HASH_MD5                                          Libraries\STM32F4xx_StdPeriph_Driver\src\stm32f4xx_hash_md5.o
HASH_RNG_IRQHandler                               src\startup_stm32f429x.o
HASH_Reset                                        Libraries\STM32F4xx_StdPeriph_Driver\src\stm32f4xx_hash.o
HASH_RestoreContext                               Libraries\STM32F4xx_StdPeriph_Driver\src\stm32f4xx_hash.o
HASH_SHA1                                         Libraries\STM32F4xx_StdPeriph_Driver\src\stm32f4xx_hash_sha1.o
HASH_SaveContext                                  Libraries\STM32F4xx_StdPeriph_Driver\src\stm32f4xx_hash.o
HASH_SetLastWordValidBitsNbr                      Libraries\STM32F4xx_StdPeriph_Driver\src\stm32f4xx_hash.o
                                                  Libraries\STM32F4xx_StdPeriph_Driver\src\stm32f4xx_hash_sha1.o
                                                  Libraries\STM32F4xx_StdPeriph_Driver\src\stm32f4xx_hash_md5.o
HASH_StartDigest                                  Libraries\STM32F4xx_StdPeriph_Driver\src\stm32f4xx_hash.o
                                                  Libraries\STM32F4xx_StdPeriph_Driver\src\stm32f4xx_hash_sha1.o
                                                  Libraries\STM32F4xx_StdPeriph_Driver\src\stm32f4xx_hash_md5.o
HASH_StructInit                                   Libraries\STM32F4xx_StdPeriph_Driver\src\stm32f4xx_hash.o
HMAC_MD5                                          Libraries\STM32F4xx_StdPeriph_Driver\src\stm32f4xx_hash_md5.o
HMAC_SHA1                                         Libraries\STM32F4xx_StdPeriph_Driver\src\stm32f4xx_hash_sha1.o
HardFault_Handler                                 src\stm32f4xx_it.o
                                                  src\startup_stm32f429x.o
I2C1_ER_IRQHandler                                src\startup_stm32f429x.o
I2C1_EV_IRQHandler                                src\startup_stm32f429x.o
I2C2_ER_IRQHandler                                src\startup_stm32f429x.o
I2C2_EV_IRQHandler                                src\startup_stm32f429x.o
I2C3_ER_IRQHandler                                src\startup_stm32f429x.o
I2C3_EV_IRQHandler                                src\startup_stm32f429x.o
I2C_ARPCmd                                        Libraries\STM32F4xx_StdPeriph_Driver\src\stm32f4xx_i2c.o
I2C_AcknowledgeConfig                             Libraries\STM32F4xx_StdPeriph_Driver\src\stm32f4xx_i2c.o
                                                  Utilities\STM32F429I-Discovery\stm32f429i_discovery_ioe.o
                                                  Utilities\STM32F429I-Discovery\stm32f429i_discovery_i2c_ee.o
I2C_AnalogFilterCmd                               Libraries\STM32F4xx_StdPeriph_Driver\src\stm32f4xx_i2c.o
I2C_CalculatePEC                                  Libraries\STM32F4xx_StdPeriph_Driver\src\stm32f4xx_i2c.o
I2C_CheckEvent                                    Libraries\STM32F4xx_StdPeriph_Driver\src\stm32f4xx_i2c.o
                                                  Utilities\STM32F429I-Discovery\stm32f429i_discovery_ioe.o
                                                  Utilities\STM32F429I-Discovery\stm32f429i_discovery_i2c_ee.o
I2C_ClearFlag                                     Libraries\STM32F4xx_StdPeriph_Driver\src\stm32f4xx_i2c.o
                                                  Utilities\STM32F429I-Discovery\stm32f429i_discovery_i2c_ee.o
I2C_ClearITPendingBit                             Libraries\STM32F4xx_StdPeriph_Driver\src\stm32f4xx_i2c.o
I2C_Cmd                                           Libraries\STM32F4xx_StdPeriph_Driver\src\stm32f4xx_i2c.o
                                                  Utilities\STM32F429I-Discovery\stm32f429i_discovery_ioe.o
                                                  Utilities\STM32F429I-Discovery\stm32f429i_discovery_i2c_ee.o
                                                  Utilities\STM32F429I-Discovery\stm32f429i_discovery.o
I2C_DMACmd                                        Libraries\STM32F4xx_StdPeriph_Driver\src\stm32f4xx_i2c.o
                                                  Utilities\STM32F429I-Discovery\stm32f429i_discovery_ioe.o
                                                  Utilities\STM32F429I-Discovery\stm32f429i_discovery_i2c_ee.o
I2C_DMALastTransferCmd                            Libraries\STM32F4xx_StdPeriph_Driver\src\stm32f4xx_i2c.o
                                                  Utilities\STM32F429I-Discovery\stm32f429i_discovery_ioe.o
                                                  Utilities\STM32F429I-Discovery\stm32f429i_discovery_i2c_ee.o
I2C_DMA_ReadDataBuffer                            Utilities\STM32F429I-Discovery\stm32f429i_discovery_ioe.o
I2C_DMA_ReadDeviceRegister                        Utilities\STM32F429I-Discovery\stm32f429i_discovery_ioe.o
I2C_DMA_WriteDeviceRegister                       Utilities\STM32F429I-Discovery\stm32f429i_discovery_ioe.o
I2C_DeInit                                        Libraries\STM32F4xx_StdPeriph_Driver\src\stm32f4xx_i2c.o
                                                  Utilities\STM32F429I-Discovery\stm32f429i_discovery_ioe.o
                                                  Utilities\STM32F429I-Discovery\stm32f429i_discovery.o
I2C_DigitalFilterConfig                           Libraries\STM32F4xx_StdPeriph_Driver\src\stm32f4xx_i2c.o
I2C_DualAddressCmd                                Libraries\STM32F4xx_StdPeriph_Driver\src\stm32f4xx_i2c.o
I2C_FastModeDutyCycleConfig                       Libraries\STM32F4xx_StdPeriph_Driver\src\stm32f4xx_i2c.o
I2C_GeneralCallCmd                                Libraries\STM32F4xx_StdPeriph_Driver\src\stm32f4xx_i2c.o