stm32f4xx_pwr.c:126:6:PWR_DeInit	8	static
stm32f4xx_pwr.c:141:6:PWR_BackupAccessCmd	0	static
stm32f4xx_pwr.c:189:6:PWR_PVDLevelConfig	0	static
stm32f4xx_pwr.c:214:6:PWR_PVDCmd	0	static
stm32f4xx_pwr.c:248:6:PWR_WakeUpPinCmd	0	static
stm32f4xx_pwr.c:340:6:PWR_BackupRegulatorCmd	0	static
stm32f4xx_pwr.c:362:6:PWR_MainRegulatorModeConfig	0	static
stm32f4xx_pwr.c:398:6:PWR_UnderDriveCmd	0	static
stm32f4xx_pwr.c:442:6:PWR_FlashPowerDownCmd	0	static
stm32f4xx_pwr.c:588:6:PWR_EnterSTOPMode	0	static
stm32f4xx_pwr.c:636:6:PWR_EnterSTANDBYMode	0	static
stm32f4xx_pwr.c:697:12:PWR_GetFlagStatus	0	static
stm32f4xx_pwr.c:725:6:PWR_ClearFlag	0	static
