stm32f4xx_ltdc.c:123:6:LTDC_DeInit	8	static
stm32f4xx_ltdc.c:140:6:LTDC_Init	12	static
stm32f4xx_ltdc.c:205:6:LTDC_StructInit	0	static
stm32f4xx_ltdc.c:232:6:LTDC_Cmd	0	static
stm32f4xx_ltdc.c:256:6:LTDC_DitherCmd	0	static
stm32f4xx_ltdc.c:280:17:LTDC_GetRGBWidth	8	static
stm32f4xx_ltdc.c:300:6:LTDC_RGBStructInit	0	static
stm32f4xx_ltdc.c:314:6:LTDC_LIPConfig	0	static
stm32f4xx_ltdc.c:332:6:LTDC_ReloadConfig	0	static
stm32f4xx_ltdc.c:353:6:LTDC_LayerInit	12	static
stm32f4xx_ltdc.c:431:6:LTDC_LayerStructInit	0	static
stm32f4xx_ltdc.c:480:6:LTDC_LayerCmd	0	static
stm32f4xx_ltdc.c:505:17:LTDC_GetPosStatus	0	static
stm32f4xx_ltdc.c:524:6:LTDC_PosStructInit	0	static
stm32f4xx_ltdc.c:541:12:LTDC_GetCDStatus	0	static
stm32f4xx_ltdc.c:568:6:LTDC_ColorKeyingConfig	8	static
stm32f4xx_ltdc.c:607:6:LTDC_ColorKeyingStructInit	0	static
stm32f4xx_ltdc.c:625:6:LTDC_CLUTCmd	0	static
stm32f4xx_ltdc.c:654:6:LTDC_CLUTInit	12	static
stm32f4xx_ltdc.c:682:6:LTDC_CLUTStructInit	0	static
stm32f4xx_ltdc.c:702:6:LTDC_LayerPosition	12	static
stm32f4xx_ltdc.c:763:6:LTDC_LayerAlpha	0	static
stm32f4xx_ltdc.c:778:6:LTDC_LayerAddress	0	static
stm32f4xx_ltdc.c:794:6:LTDC_LayerSize	16	static
stm32f4xx_ltdc.c:856:6:LTDC_LayerPixelFormat	0	static
stm32f4xx_ltdc.c:970:6:LTDC_ITConfig	0	static
stm32f4xx_ltdc.c:996:12:LTDC_GetFlagStatus	0	static
stm32f4xx_ltdc.c:1024:6:LTDC_ClearFlag	0	static
stm32f4xx_ltdc.c:1043:10:LTDC_GetITStatus	0	static
stm32f4xx_ltdc.c:1081:6:LTDC_ClearITPendingBit	0	static
