stm32f4xx_flash.c:247:6:FLASH_SetLatency	0	static
stm32f4xx_flash.c:262:6:FLASH_PrefetchBufferCmd	0	static
stm32f4xx_flash.c:284:6:FLASH_InstructionCacheCmd	0	static
stm32f4xx_flash.c:305:6:FLASH_DataCacheCmd	0	static
stm32f4xx_flash.c:326:6:FLASH_InstructionCacheReset	0	static
stm32f4xx_flash.c:337:6:FLASH_DataCacheReset	0	static
stm32f4xx_flash.c:384:6:FLASH_Unlock	0	static
stm32f4xx_flash.c:399:6:FLASH_Lock	0	static
stm32f4xx_flash.c:935:6:FLASH_OB_Unlock	0	static
stm32f4xx_flash.c:950:6:FLASH_OB_Lock	0	static
stm32f4xx_flash.c:1065:6:FLASH_OB_PCROPSelectionConfig	0	static
stm32f4xx_flash.c:1241:6:FLASH_OB_BootConfig	0	static
stm32f4xx_flash.c:1262:6:FLASH_OB_BORConfig	0	static
stm32f4xx_flash.c:1298:9:FLASH_OB_GetUser	0	static
stm32f4xx_flash.c:1309:10:FLASH_OB_GetWRP	0	static
stm32f4xx_flash.c:1323:10:FLASH_OB_GetWRP1	0	static
stm32f4xx_flash.c:1337:10:FLASH_OB_GetPCROP	0	static
stm32f4xx_flash.c:1351:10:FLASH_OB_GetPCROP1	0	static
stm32f4xx_flash.c:1364:12:FLASH_OB_GetRDP	0	static
stm32f4xx_flash.c:1388:9:FLASH_OB_GetBOR	0	static
stm32f4xx_flash.c:1417:6:FLASH_ITConfig	0	static
stm32f4xx_flash.c:1449:12:FLASH_GetFlagStatus	0	static
stm32f4xx_flash.c:1480:6:FLASH_ClearFlag	0	static
stm32f4xx_flash.c:1495:14:FLASH_GetStatus	0	static
stm32f4xx_flash.c:1545:14:FLASH_WaitForLastOperation	16	static
stm32f4xx_flash.c:436:14:FLASH_EraseSector	16	static
stm32f4xx_flash.c:504:14:FLASH_EraseAllSectors	8	static
stm32f4xx_flash.c:585:14:FLASH_EraseAllBank1Sectors	8	static
stm32f4xx_flash.c:652:14:FLASH_EraseAllBank2Sectors	8	static
stm32f4xx_flash.c:709:14:FLASH_ProgramDoubleWord	24	static
stm32f4xx_flash.c:752:14:FLASH_ProgramWord	16	static
stm32f4xx_flash.c:794:14:FLASH_ProgramHalfWord	16	static
stm32f4xx_flash.c:836:14:FLASH_ProgramByte	16	static
stm32f4xx_flash.c:973:6:FLASH_OB_WRPConfig	16	static
stm32f4xx_flash.c:1015:6:FLASH_OB_WRP1Config	16	static
stm32f4xx_flash.c:1095:6:FLASH_OB_PCROPConfig	16	static
stm32f4xx_flash.c:1132:6:FLASH_OB_PCROP1Config	16	static
stm32f4xx_flash.c:1168:6:FLASH_OB_RDPConfig	8	static
stm32f4xx_flash.c:1200:6:FLASH_OB_UserConfig	16	static
stm32f4xx_flash.c:1279:14:FLASH_OB_Launch	0	static
