stm32f429i_discovery_i2c_ee.c:137:6:sEE_DeInit	0	static
stm32f429i_discovery_i2c_ee.c:147:6:sEE_Init	32	static
stm32f429i_discovery_i2c_ee.c:196:10:sEE_ReadBuffer	32	static
stm32f429i_discovery_i2c_ee.c:357:10:sEE_WritePage	32	static
stm32f429i_discovery_i2c_ee.c:610:10:sEE_WaitEepromStandbyState	32	static
stm32f429i_discovery_i2c_ee.c:431:6:sEE_WriteBuffer	40	static
stm32f429i_discovery_i2c_ee.c:687:6:DMA1_Stream4_IRQHandler	16	static
stm32f429i_discovery_i2c_ee.c:716:6:DMA1_Stream2_IRQHandler	8	static
