stm32f429i_discovery_lcd.c:1925:13:delay	16	static
stm32f429i_discovery_lcd.c:409:6:LCD_ChipSelect.part.0	0	static
stm32f429i_discovery_lcd.c:328:6:LCD_LayerInit	80	static
stm32f429i_discovery_lcd.c:409:6:LCD_ChipSelect	0	static
stm32f429i_discovery_lcd.c:426:6:LCD_SetLayer	8	static
stm32f429i_discovery_lcd.c:446:6:LCD_SetColors	8	static
stm32f429i_discovery_lcd.c:460:6:LCD_GetColors	0	static
stm32f429i_discovery_lcd.c:471:6:LCD_SetTextColor	8	static
stm32f429i_discovery_lcd.c:481:6:LCD_SetBackColor	8	static
stm32f429i_discovery_lcd.c:491:6:LCD_SetFont	0	static
stm32f429i_discovery_lcd.c:502:6:LCD_SetTransparency	8	static
stm32f429i_discovery_lcd.c:520:8:LCD_GetFont	0	static
stm32f429i_discovery_lcd.c:552:6:LCD_Clear	0	static
stm32f429i_discovery_lcd.c:569:10:LCD_SetCursor	0	static
stm32f429i_discovery_lcd.c:579:6:LCD_SetColorKeying	24	static
stm32f429i_discovery_lcd.c:607:6:LCD_ReSetColorKeying	24	static
stm32f429i_discovery_lcd.c:632:6:LCD_DrawChar	36	static
stm32f429i_discovery_lcd.c:672:6:LCD_DisplayChar	4	static
stm32f429i_discovery_lcd.c:534:6:LCD_ClearLine	24	static
stm32f429i_discovery_lcd.c:687:6:LCD_DisplayStringLine	24	static
stm32f429i_discovery_lcd.c:710:6:LCD_SetDisplayWindow	16	static
stm32f429i_discovery_lcd.c:740:6:LCD_WindowModeDisable	0	static
stm32f429i_discovery_lcd.c:754:6:LCD_DrawLine	64	static
stm32f429i_discovery_lcd.c:808:6:LCD_DrawRect	24	static
stm32f429i_discovery_lcd.c:826:6:LCD_DrawCircle	24	static
stm32f429i_discovery_lcd.c:853:6:LCD_DrawFullEllipse	56	static
stm32f429i_discovery_lcd.c:910:6:LCD_DrawEllipse	40	static
stm32f429i_discovery_lcd.c:963:6:LCD_DrawMonoPict	20	static
stm32f429i_discovery_lcd.c:989:6:LCD_WriteBMP	48	static
stm32f429i_discovery_lcd.c:1101:6:LCD_DrawFullRect	64	static
stm32f429i_discovery_lcd.c:1146:6:LCD_DrawFullCircle	48	static
stm32f429i_discovery_lcd.c:1193:6:LCD_DrawUniLine	56	static
stm32f429i_discovery_lcd.c:1393:13:LCD_PolyLineRelativeClosed	32	static
stm32f429i_discovery_lcd.c:1265:6:LCD_Triangle	8	static
stm32f429i_discovery_lcd.c:1291:6:LCD_FillTriangle	64	static
stm32f429i_discovery_lcd.c:1367:6:LCD_PolyLine	16	static
stm32f429i_discovery_lcd.c:1423:6:LCD_ClosedPolyLine	16	static
stm32f429i_discovery_lcd.c:1435:6:LCD_PolyLineRelative	0	static
stm32f429i_discovery_lcd.c:1446:6:LCD_ClosedPolyLineRelative	0	static
stm32f429i_discovery_lcd.c:1457:6:LCD_FillPolyLine	72	static
stm32f429i_discovery_lcd.c:1523:6:LCD_WriteCommand	8	static
stm32f429i_discovery_lcd.c:1544:6:LCD_WriteData	8	static
stm32f429i_discovery_lcd.c:1559:6:LCD_PowerOn	8	static
stm32f429i_discovery_lcd.c:1684:6:LCD_DisplayOn	0	static
stm32f429i_discovery_lcd.c:1695:6:LCD_DisplayOff	0	static
stm32f429i_discovery_lcd.c:114:6:LCD_DeInit	32	static
stm32f429i_discovery_lcd.c:1709:6:LCD_CtrlLinesConfig	24	static
stm32f429i_discovery_lcd.c:1740:6:LCD_CtrlLinesWrite	0	static
stm32f429i_discovery_lcd.c:1751:6:LCD_SPIConfig	48	static
stm32f429i_discovery_lcd.c:231:6:LCD_Init	88	static
